Component: ARM Compiler 5.06 update 7 (build 960) Tool: armlink [4d3601]

==============================================================================

Section Cross References

    main.o(i.AllStop) refers to main.o(i.Motor_AllStop) for Motor_AllStop
    main.o(i.Motor_AllStop) refers to emm_v5.o(i.Emm_V5_Stop_Now) for Emm_V5_Stop_Now
    main.o(i.Motor_AllStop) refers to delay.o(i.delay_ms) for delay_ms
    main.o(i.Motor_AllStop) refers to emm_v5.o(i.Emm_V5_Synchronous_motion) for Emm_V5_Synchronous_motion
    main.o(i.Motor_SetSignedSpeed) refers to emm_v5.o(i.Emm_V5_Vel_Control) for Emm_V5_Vel_Control
    main.o(i.main) refers to board.o(i.board_init) for board_init
    main.o(i.main) refers to servo_pwm.o(i.Servo_PWM_Init) for Servo_PWM_Init
    main.o(i.main) refers to ps2.o(i.PS2_Init) for PS2_Init
    main.o(i.main) refers to emm_v5.o(i.Emm_V5_Stop_Now) for Emm_V5_Stop_Now
    main.o(i.main) refers to delay.o(i.delay_ms) for delay_ms
    main.o(i.main) refers to ps2.o(i.PS2_ScanKey) for PS2_ScanKey
    main.o(i.main) refers to main.o(i.AllStop) for AllStop
    main.o(i.main) refers to main.o(i.Motor_AllStop) for Motor_AllStop
    main.o(i.main) refers to main.o(i.PS2_AxisToSpeed) for PS2_AxisToSpeed
    main.o(i.main) refers to main.o(i.LimitMotorSpeed) for LimitMotorSpeed
    main.o(i.main) refers to main.o(i.Motor_SetSignedSpeed) for Motor_SetSignedSpeed
    main.o(i.main) refers to emm_v5.o(i.Emm_V5_Synchronous_motion) for Emm_V5_Synchronous_motion
    main.o(i.main) refers to servo_pwm.o(i.Servo_Swing_Step) for Servo_Swing_Step
    emm_v5.o(i.Emm_V5_En_Control) refers to usart.o(i.usart_SendCmd) for usart_SendCmd
    emm_v5.o(i.Emm_V5_Modify_Ctrl_Mode) refers to usart.o(i.usart_SendCmd) for usart_SendCmd
    emm_v5.o(i.Emm_V5_Origin_Interrupt) refers to usart.o(i.usart_SendCmd) for usart_SendCmd
    emm_v5.o(i.Emm_V5_Origin_Modify_Params) refers to memseta.o(.text) for __aeabi_memclr4
    emm_v5.o(i.Emm_V5_Origin_Modify_Params) refers to usart.o(i.usart_SendCmd) for usart_SendCmd
    emm_v5.o(i.Emm_V5_Origin_Set_O) refers to usart.o(i.usart_SendCmd) for usart_SendCmd
    emm_v5.o(i.Emm_V5_Origin_Trigger_Return) refers to usart.o(i.usart_SendCmd) for usart_SendCmd
    emm_v5.o(i.Emm_V5_Pos_Control) refers to usart.o(i.usart_SendCmd) for usart_SendCmd
    emm_v5.o(i.Emm_V5_Read_Sys_Params) refers to usart.o(i.usart_SendCmd) for usart_SendCmd
    emm_v5.o(i.Emm_V5_Reset_Clog_Pro) refers to usart.o(i.usart_SendCmd) for usart_SendCmd
    emm_v5.o(i.Emm_V5_Reset_CurPos_To_Zero) refers to usart.o(i.usart_SendCmd) for usart_SendCmd
    emm_v5.o(i.Emm_V5_Stop_Now) refers to usart.o(i.usart_SendCmd) for usart_SendCmd
    emm_v5.o(i.Emm_V5_Synchronous_motion) refers to usart.o(i.usart_SendCmd) for usart_SendCmd
    emm_v5.o(i.Emm_V5_Vel_Control) refers to usart.o(i.usart_SendCmd) for usart_SendCmd
    usart.o(i.USART1_IRQHandler) refers to stm32f10x_usart.o(i.USART_GetITStatus) for USART_GetITStatus
    usart.o(i.USART1_IRQHandler) refers to fifo.o(i.fifo_enQueue) for fifo_enQueue
    usart.o(i.USART1_IRQHandler) refers to stm32f10x_usart.o(i.USART_ClearITPendingBit) for USART_ClearITPendingBit
    usart.o(i.USART1_IRQHandler) refers to fifo.o(i.fifo_queueLength) for fifo_queueLength
    usart.o(i.USART1_IRQHandler) refers to fifo.o(i.fifo_deQueue) for fifo_deQueue
    usart.o(i.USART1_IRQHandler) refers to usart.o(.data) for rxCount
    usart.o(i.USART1_IRQHandler) refers to usart.o(.bss) for rxCmd
    usart.o(i.usart_SendCmd) refers to usart.o(i.usart_SendByte) for usart_SendByte
    board.o(i.board_init) refers to board.o(i.nvic_init) for nvic_init
    board.o(i.board_init) refers to board.o(i.clock_init) for clock_init
    board.o(i.board_init) refers to board.o(i.usart_init) for usart_init
    board.o(i.clock_init) refers to stm32f10x_rcc.o(i.RCC_APB2PeriphClockCmd) for RCC_APB2PeriphClockCmd
    board.o(i.clock_init) refers to stm32f10x_gpio.o(i.GPIO_PinRemapConfig) for GPIO_PinRemapConfig
    board.o(i.nvic_init) refers to misc.o(i.NVIC_PriorityGroupConfig) for NVIC_PriorityGroupConfig
    board.o(i.nvic_init) refers to misc.o(i.NVIC_Init) for NVIC_Init
    board.o(i.usart_init) refers to stm32f10x_gpio.o(i.GPIO_Init) for GPIO_Init
    board.o(i.usart_init) refers to stm32f10x_usart.o(i.USART_Init) for USART_Init
    board.o(i.usart_init) refers to stm32f10x_usart.o(i.USART_ClearITPendingBit) for USART_ClearITPendingBit
    board.o(i.usart_init) refers to stm32f10x_usart.o(i.USART_ITConfig) for USART_ITConfig
    board.o(i.usart_init) refers to stm32f10x_usart.o(i.USART_Cmd) for USART_Cmd
    startup_stm32f10x_hd.o(RESET) refers to startup_stm32f10x_hd.o(STACK) for __initial_sp
    startup_stm32f10x_hd.o(RESET) refers to startup_stm32f10x_hd.o(.text) for Reset_Handler
    startup_stm32f10x_hd.o(RESET) refers to stm32f10x_it.o(i.NMI_Handler) for NMI_Handler
    startup_stm32f10x_hd.o(RESET) refers to stm32f10x_it.o(i.HardFault_Handler) for HardFault_Handler
    startup_stm32f10x_hd.o(RESET) refers to stm32f10x_it.o(i.MemManage_Handler) for MemManage_Handler
    startup_stm32f10x_hd.o(RESET) refers to stm32f10x_it.o(i.BusFault_Handler) for BusFault_Handler
    startup_stm32f10x_hd.o(RESET) refers to stm32f10x_it.o(i.UsageFault_Handler) for UsageFault_Handler
    startup_stm32f10x_hd.o(RESET) refers to stm32f10x_it.o(i.SVC_Handler) for SVC_Handler
    startup_stm32f10x_hd.o(RESET) refers to stm32f10x_it.o(i.DebugMon_Handler) for DebugMon_Handler
    startup_stm32f10x_hd.o(RESET) refers to stm32f10x_it.o(i.PendSV_Handler) for PendSV_Handler
    startup_stm32f10x_hd.o(RESET) refers to stm32f10x_it.o(i.SysTick_Handler) for SysTick_Handler
    startup_stm32f10x_hd.o(RESET) refers to usart.o(i.USART1_IRQHandler) for USART1_IRQHandler
    startup_stm32f10x_hd.o(.text) refers to system_stm32f10x.o(i.SystemInit) for SystemInit
    startup_stm32f10x_hd.o(.text) refers to entry.o(.ARM.Collect$$$$00000000) for __main
    system_stm32f10x.o(i.SetSysClock) refers to system_stm32f10x.o(i.SetSysClockTo72) for SetSysClockTo72
    system_stm32f10x.o(i.SystemCoreClockUpdate) refers to system_stm32f10x.o(.data) for SystemCoreClock
    system_stm32f10x.o(i.SystemInit) refers to system_stm32f10x.o(i.SetSysClock) for SetSysClock
    fifo.o(i.fifo_deQueue) refers to fifo.o(.bss) for rxFIFO
    fifo.o(i.fifo_enQueue) refers to fifo.o(.bss) for rxFIFO
    fifo.o(i.fifo_isEmpty) refers to fifo.o(.bss) for rxFIFO
    fifo.o(i.fifo_queueLength) refers to fifo.o(.bss) for rxFIFO
    fifo.o(i.initQueue) refers to fifo.o(.bss) for rxFIFO
    delay.o(i.delay_ms) refers to system_stm32f10x.o(.data) for SystemCoreClock
    ps2.o(i.PS2_DelayUs) refers to system_stm32f10x.o(.data) for SystemCoreClock
    ps2.o(i.PS2_Init) refers to stm32f10x_rcc.o(i.RCC_APB2PeriphClockCmd) for RCC_APB2PeriphClockCmd
    ps2.o(i.PS2_Init) refers to stm32f10x_gpio.o(i.GPIO_Init) for GPIO_Init
    ps2.o(i.PS2_Init) refers to stm32f10x_gpio.o(i.GPIO_SetBits) for GPIO_SetBits
    ps2.o(i.PS2_ReadWriteData) refers to stm32f10x_gpio.o(i.GPIO_SetBits) for GPIO_SetBits
    ps2.o(i.PS2_ReadWriteData) refers to stm32f10x_gpio.o(i.GPIO_ResetBits) for GPIO_ResetBits
    ps2.o(i.PS2_ReadWriteData) refers to ps2.o(i.PS2_DelayUs) for PS2_DelayUs
    ps2.o(i.PS2_ReadWriteData) refers to stm32f10x_gpio.o(i.GPIO_ReadInputDataBit) for GPIO_ReadInputDataBit
    ps2.o(i.PS2_ScanKey) refers to stm32f10x_gpio.o(i.GPIO_ResetBits) for GPIO_ResetBits
    ps2.o(i.PS2_ScanKey) refers to ps2.o(i.PS2_ReadWriteData) for PS2_ReadWriteData
    ps2.o(i.PS2_ScanKey) refers to stm32f10x_gpio.o(i.GPIO_SetBits) for GPIO_SetBits
    ps2.o(i.PS2_ScanKey) refers to ps2.o(.constdata) for ps2_cmd
    ps2.o(i.PS2_ScanKey) refers to ps2.o(.bss) for ps2_data
    servo_pwm.o(i.Servo1_SetPulse) refers to stm32f10x_tim.o(i.TIM_SetCompare1) for TIM_SetCompare1
    servo_pwm.o(i.Servo2_SetPulse) refers to stm32f10x_tim.o(i.TIM_SetCompare2) for TIM_SetCompare2
    servo_pwm.o(i.Servo_PWM_Init) refers to stm32f10x_rcc.o(i.RCC_APB2PeriphClockCmd) for RCC_APB2PeriphClockCmd
    servo_pwm.o(i.Servo_PWM_Init) refers to stm32f10x_rcc.o(i.RCC_APB1PeriphClockCmd) for RCC_APB1PeriphClockCmd
    servo_pwm.o(i.Servo_PWM_Init) refers to stm32f10x_gpio.o(i.GPIO_Init) for GPIO_Init
    servo_pwm.o(i.Servo_PWM_Init) refers to stm32f10x_tim.o(i.TIM_TimeBaseInit) for TIM_TimeBaseInit
    servo_pwm.o(i.Servo_PWM_Init) refers to stm32f10x_tim.o(i.TIM_OC1Init) for TIM_OC1Init
    servo_pwm.o(i.Servo_PWM_Init) refers to stm32f10x_tim.o(i.TIM_OC1PreloadConfig) for TIM_OC1PreloadConfig
    servo_pwm.o(i.Servo_PWM_Init) refers to stm32f10x_tim.o(i.TIM_OC2Init) for TIM_OC2Init
    servo_pwm.o(i.Servo_PWM_Init) refers to stm32f10x_tim.o(i.TIM_OC2PreloadConfig) for TIM_OC2PreloadConfig
    servo_pwm.o(i.Servo_PWM_Init) refers to stm32f10x_tim.o(i.TIM_ARRPreloadConfig) for TIM_ARRPreloadConfig
    servo_pwm.o(i.Servo_PWM_Init) refers to stm32f10x_tim.o(i.TIM_Cmd) for TIM_Cmd
    servo_pwm.o(i.Servo_Swing_Step) refers to servo_pwm.o(i.Servo1_SetPulse) for Servo1_SetPulse
    servo_pwm.o(i.Servo_Swing_Step) refers to servo_pwm.o(i.Servo2_SetPulse) for Servo2_SetPulse
    stm32f10x_gpio.o(i.GPIO_AFIODeInit) refers to stm32f10x_rcc.o(i.RCC_APB2PeriphResetCmd) for RCC_APB2PeriphResetCmd
    stm32f10x_gpio.o(i.GPIO_DeInit) refers to stm32f10x_rcc.o(i.RCC_APB2PeriphResetCmd) for RCC_APB2PeriphResetCmd
    stm32f10x_rcc.o(i.RCC_GetClocksFreq) refers to stm32f10x_rcc.o(.data) for APBAHBPrescTable
    stm32f10x_rcc.o(i.RCC_WaitForHSEStartUp) refers to stm32f10x_rcc.o(i.RCC_GetFlagStatus) for RCC_GetFlagStatus
    stm32f10x_usart.o(i.USART_DeInit) refers to stm32f10x_rcc.o(i.RCC_APB2PeriphResetCmd) for RCC_APB2PeriphResetCmd
    stm32f10x_usart.o(i.USART_DeInit) refers to stm32f10x_rcc.o(i.RCC_APB1PeriphResetCmd) for RCC_APB1PeriphResetCmd
    stm32f10x_usart.o(i.USART_Init) refers to stm32f10x_rcc.o(i.RCC_GetClocksFreq) for RCC_GetClocksFreq
    stm32f10x_tim.o(i.TIM_DeInit) refers to stm32f10x_rcc.o(i.RCC_APB2PeriphResetCmd) for RCC_APB2PeriphResetCmd
    stm32f10x_tim.o(i.TIM_DeInit) refers to stm32f10x_rcc.o(i.RCC_APB1PeriphResetCmd) for RCC_APB1PeriphResetCmd
    stm32f10x_tim.o(i.TIM_ETRClockMode1Config) refers to stm32f10x_tim.o(i.TIM_ETRConfig) for TIM_ETRConfig
    stm32f10x_tim.o(i.TIM_ETRClockMode2Config) refers to stm32f10x_tim.o(i.TIM_ETRConfig) for TIM_ETRConfig
    stm32f10x_tim.o(i.TIM_ICInit) refers to stm32f10x_tim.o(i.TI1_Config) for TI1_Config
    stm32f10x_tim.o(i.TIM_ICInit) refers to stm32f10x_tim.o(i.TIM_SetIC1Prescaler) for TIM_SetIC1Prescaler
    stm32f10x_tim.o(i.TIM_ICInit) refers to stm32f10x_tim.o(i.TI2_Config) for TI2_Config
    stm32f10x_tim.o(i.TIM_ICInit) refers to stm32f10x_tim.o(i.TIM_SetIC2Prescaler) for TIM_SetIC2Prescaler
    stm32f10x_tim.o(i.TIM_ICInit) refers to stm32f10x_tim.o(i.TI3_Config) for TI3_Config
    stm32f10x_tim.o(i.TIM_ICInit) refers to stm32f10x_tim.o(i.TIM_SetIC3Prescaler) for TIM_SetIC3Prescaler
    stm32f10x_tim.o(i.TIM_ICInit) refers to stm32f10x_tim.o(i.TI4_Config) for TI4_Config
    stm32f10x_tim.o(i.TIM_ICInit) refers to stm32f10x_tim.o(i.TIM_SetIC4Prescaler) for TIM_SetIC4Prescaler
    stm32f10x_tim.o(i.TIM_ITRxExternalClockConfig) refers to stm32f10x_tim.o(i.TIM_SelectInputTrigger) for TIM_SelectInputTrigger
    stm32f10x_tim.o(i.TIM_PWMIConfig) refers to stm32f10x_tim.o(i.TI1_Config) for TI1_Config
    stm32f10x_tim.o(i.TIM_PWMIConfig) refers to stm32f10x_tim.o(i.TIM_SetIC1Prescaler) for TIM_SetIC1Prescaler
    stm32f10x_tim.o(i.TIM_PWMIConfig) refers to stm32f10x_tim.o(i.TI2_Config) for TI2_Config
    stm32f10x_tim.o(i.TIM_PWMIConfig) refers to stm32f10x_tim.o(i.TIM_SetIC2Prescaler) for TIM_SetIC2Prescaler
    stm32f10x_tim.o(i.TIM_TIxExternalClockConfig) refers to stm32f10x_tim.o(i.TI2_Config) for TI2_Config
    stm32f10x_tim.o(i.TIM_TIxExternalClockConfig) refers to stm32f10x_tim.o(i.TI1_Config) for TI1_Config
    stm32f10x_tim.o(i.TIM_TIxExternalClockConfig) refers to stm32f10x_tim.o(i.TIM_SelectInputTrigger) for TIM_SelectInputTrigger
    entry.o(.ARM.Collect$$$$00000000) refers (Special) to entry10a.o(.ARM.Collect$$$$0000000F) for __rt_final_cpp
    entry.o(.ARM.Collect$$$$00000000) refers (Special) to entry11a.o(.ARM.Collect$$$$00000011) for __rt_final_exit
    entry.o(.ARM.Collect$$$$00000000) refers (Special) to entry12b.o(.ARM.Collect$$$$0000000E) for __rt_lib_shutdown_fini
    entry.o(.ARM.Collect$$$$00000000) refers (Special) to entry7b.o(.ARM.Collect$$$$00000008) for _main_clock
    entry.o(.ARM.Collect$$$$00000000) refers (Special) to entry8b.o(.ARM.Collect$$$$0000000A) for _main_cpp_init
    entry.o(.ARM.Collect$$$$00000000) refers (Special) to entry9a.o(.ARM.Collect$$$$0000000B) for _main_init
    entry.o(.ARM.Collect$$$$00000000) refers (Special) to entry5.o(.ARM.Collect$$$$00000004) for _main_scatterload
    entry.o(.ARM.Collect$$$$00000000) refers (Special) to entry2.o(.ARM.Collect$$$$00000001) for _main_stk
    entry2.o(.ARM.Collect$$$$00000001) refers to entry2.o(.ARM.Collect$$$$00002712) for __lit__00000000
    entry2.o(.ARM.Collect$$$$00002712) refers to startup_stm32f10x_hd.o(STACK) for __initial_sp
    entry2.o(__vectab_stack_and_reset_area) refers to startup_stm32f10x_hd.o(STACK) for __initial_sp
    entry2.o(__vectab_stack_and_reset_area) refers to entry.o(.ARM.Collect$$$$00000000) for __main
    entry5.o(.ARM.Collect$$$$00000004) refers to init.o(.text) for __scatterload
    entry9a.o(.ARM.Collect$$$$0000000B) refers to main.o(i.main) for main
    entry9b.o(.ARM.Collect$$$$0000000C) refers to main.o(i.main) for main
    init.o(.text) refers to entry5.o(.ARM.Collect$$$$00000004) for __main_after_scatterload


==============================================================================

Removing Unused input sections from the image.

    Removing emm_v5.o(i.Emm_V5_En_Control), (58 bytes).
    Removing emm_v5.o(i.Emm_V5_Modify_Ctrl_Mode), (58 bytes).
    Removing emm_v5.o(i.Emm_V5_Origin_Interrupt), (46 bytes).
    Removing emm_v5.o(i.Emm_V5_Origin_Modify_Params), (170 bytes).
    Removing emm_v5.o(i.Emm_V5_Origin_Set_O), (52 bytes).
    Removing emm_v5.o(i.Emm_V5_Origin_Trigger_Return), (52 bytes).
    Removing emm_v5.o(i.Emm_V5_Pos_Control), (108 bytes).
    Removing emm_v5.o(i.Emm_V5_Read_Sys_Params), (262 bytes).
    Removing emm_v5.o(i.Emm_V5_Reset_Clog_Pro), (46 bytes).
    Removing emm_v5.o(i.Emm_V5_Reset_CurPos_To_Zero), (46 bytes).
    Removing core_cm3.o(.emb_text), (32 bytes).
    Removing startup_stm32f10x_hd.o(HEAP), (512 bytes).
    Removing system_stm32f10x.o(i.SystemCoreClockUpdate), (164 bytes).
    Removing fifo.o(i.fifo_isEmpty), (28 bytes).
    Removing fifo.o(i.initQueue), (20 bytes).
    Removing delay.o(i.delay_cnt), (10 bytes).
    Removing stm32f10x_gpio.o(i.GPIO_AFIODeInit), (20 bytes).
    Removing stm32f10x_gpio.o(i.GPIO_DeInit), (200 bytes).
    Removing stm32f10x_gpio.o(i.GPIO_ETH_MediaInterfaceConfig), (12 bytes).
    Removing stm32f10x_gpio.o(i.GPIO_EXTILineConfig), (64 bytes).
    Removing stm32f10x_gpio.o(i.GPIO_EventOutputCmd), (12 bytes).
    Removing stm32f10x_gpio.o(i.GPIO_EventOutputConfig), (32 bytes).
    Removing stm32f10x_gpio.o(i.GPIO_PinLockConfig), (18 bytes).
    Removing stm32f10x_gpio.o(i.GPIO_ReadInputData), (8 bytes).
    Removing stm32f10x_gpio.o(i.GPIO_ReadOutputData), (8 bytes).
    Removing stm32f10x_gpio.o(i.GPIO_ReadOutputDataBit), (18 bytes).
    Removing stm32f10x_gpio.o(i.GPIO_StructInit), (16 bytes).
    Removing stm32f10x_gpio.o(i.GPIO_Write), (4 bytes).
    Removing stm32f10x_gpio.o(i.GPIO_WriteBit), (10 bytes).
    Removing stm32f10x_rcc.o(i.RCC_ADCCLKConfig), (24 bytes).
    Removing stm32f10x_rcc.o(i.RCC_AHBPeriphClockCmd), (32 bytes).
    Removing stm32f10x_rcc.o(i.RCC_APB1PeriphResetCmd), (32 bytes).
    Removing stm32f10x_rcc.o(i.RCC_APB2PeriphResetCmd), (32 bytes).
    Removing stm32f10x_rcc.o(i.RCC_AdjustHSICalibrationValue), (24 bytes).
    Removing stm32f10x_rcc.o(i.RCC_BackupResetCmd), (12 bytes).
    Removing stm32f10x_rcc.o(i.RCC_ClearFlag), (20 bytes).
    Removing stm32f10x_rcc.o(i.RCC_ClearITPendingBit), (12 bytes).
    Removing stm32f10x_rcc.o(i.RCC_ClockSecuritySystemCmd), (12 bytes).
    Removing stm32f10x_rcc.o(i.RCC_DeInit), (76 bytes).
    Removing stm32f10x_rcc.o(i.RCC_GetFlagStatus), (60 bytes).
    Removing stm32f10x_rcc.o(i.RCC_GetITStatus), (24 bytes).
    Removing stm32f10x_rcc.o(i.RCC_GetSYSCLKSource), (16 bytes).
    Removing stm32f10x_rcc.o(i.RCC_HCLKConfig), (24 bytes).
    Removing stm32f10x_rcc.o(i.RCC_HSEConfig), (76 bytes).
    Removing stm32f10x_rcc.o(i.RCC_HSICmd), (12 bytes).
    Removing stm32f10x_rcc.o(i.RCC_ITConfig), (32 bytes).
    Removing stm32f10x_rcc.o(i.RCC_LSEConfig), (52 bytes).
    Removing stm32f10x_rcc.o(i.RCC_LSICmd), (12 bytes).
    Removing stm32f10x_rcc.o(i.RCC_MCOConfig), (12 bytes).
    Removing stm32f10x_rcc.o(i.RCC_PCLK1Config), (24 bytes).
    Removing stm32f10x_rcc.o(i.RCC_PCLK2Config), (24 bytes).
    Removing stm32f10x_rcc.o(i.RCC_PLLCmd), (12 bytes).
    Removing stm32f10x_rcc.o(i.RCC_PLLConfig), (28 bytes).
    Removing stm32f10x_rcc.o(i.RCC_RTCCLKCmd), (12 bytes).
    Removing stm32f10x_rcc.o(i.RCC_RTCCLKConfig), (16 bytes).
    Removing stm32f10x_rcc.o(i.RCC_SYSCLKConfig), (24 bytes).
    Removing stm32f10x_rcc.o(i.RCC_USBCLKConfig), (12 bytes).
    Removing stm32f10x_rcc.o(i.RCC_WaitForHSEStartUp), (56 bytes).
    Removing stm32f10x_usart.o(i.USART_ClearFlag), (18 bytes).
    Removing stm32f10x_usart.o(i.USART_ClockInit), (34 bytes).
    Removing stm32f10x_usart.o(i.USART_ClockStructInit), (12 bytes).
    Removing stm32f10x_usart.o(i.USART_DMACmd), (18 bytes).
    Removing stm32f10x_usart.o(i.USART_DeInit), (156 bytes).
    Removing stm32f10x_usart.o(i.USART_GetFlagStatus), (26 bytes).
    Removing stm32f10x_usart.o(i.USART_HalfDuplexCmd), (24 bytes).
    Removing stm32f10x_usart.o(i.USART_IrDACmd), (24 bytes).
    Removing stm32f10x_usart.o(i.USART_IrDAConfig), (18 bytes).
    Removing stm32f10x_usart.o(i.USART_LINBreakDetectLengthConfig), (18 bytes).
    Removing stm32f10x_usart.o(i.USART_LINCmd), (24 bytes).
    Removing stm32f10x_usart.o(i.USART_OneBitMethodCmd), (24 bytes).
    Removing stm32f10x_usart.o(i.USART_OverSampling8Cmd), (22 bytes).
    Removing stm32f10x_usart.o(i.USART_ReceiveData), (10 bytes).
    Removing stm32f10x_usart.o(i.USART_ReceiverWakeUpCmd), (24 bytes).
    Removing stm32f10x_usart.o(i.USART_SendBreak), (10 bytes).
    Removing stm32f10x_usart.o(i.USART_SendData), (8 bytes).
    Removing stm32f10x_usart.o(i.USART_SetAddress), (18 bytes).
    Removing stm32f10x_usart.o(i.USART_SetGuardTime), (16 bytes).
    Removing stm32f10x_usart.o(i.USART_SetPrescaler), (16 bytes).
    Removing stm32f10x_usart.o(i.USART_SmartCardCmd), (24 bytes).
    Removing stm32f10x_usart.o(i.USART_SmartCardNACKCmd), (24 bytes).
    Removing stm32f10x_usart.o(i.USART_StructInit), (24 bytes).
    Removing stm32f10x_usart.o(i.USART_WakeUpConfig), (18 bytes).
    Removing stm32f10x_tim.o(i.TI1_Config), (128 bytes).
    Removing stm32f10x_tim.o(i.TI2_Config), (152 bytes).
    Removing stm32f10x_tim.o(i.TI3_Config), (144 bytes).
    Removing stm32f10x_tim.o(i.TI4_Config), (152 bytes).
    Removing stm32f10x_tim.o(i.TIM_BDTRConfig), (32 bytes).
    Removing stm32f10x_tim.o(i.TIM_BDTRStructInit), (18 bytes).
    Removing stm32f10x_tim.o(i.TIM_CCPreloadControl), (24 bytes).
    Removing stm32f10x_tim.o(i.TIM_CCxCmd), (30 bytes).
    Removing stm32f10x_tim.o(i.TIM_CCxNCmd), (30 bytes).
    Removing stm32f10x_tim.o(i.TIM_ClearFlag), (6 bytes).
    Removing stm32f10x_tim.o(i.TIM_ClearITPendingBit), (6 bytes).
    Removing stm32f10x_tim.o(i.TIM_ClearOC1Ref), (18 bytes).
    Removing stm32f10x_tim.o(i.TIM_ClearOC2Ref), (24 bytes).
    Removing stm32f10x_tim.o(i.TIM_ClearOC3Ref), (18 bytes).
    Removing stm32f10x_tim.o(i.TIM_ClearOC4Ref), (24 bytes).
    Removing stm32f10x_tim.o(i.TIM_CounterModeConfig), (18 bytes).
    Removing stm32f10x_tim.o(i.TIM_CtrlPWMOutputs), (30 bytes).
    Removing stm32f10x_tim.o(i.TIM_DMACmd), (18 bytes).
    Removing stm32f10x_tim.o(i.TIM_DMAConfig), (10 bytes).
    Removing stm32f10x_tim.o(i.TIM_DeInit), (488 bytes).
    Removing stm32f10x_tim.o(i.TIM_ETRClockMode1Config), (54 bytes).
    Removing stm32f10x_tim.o(i.TIM_ETRClockMode2Config), (32 bytes).
    Removing stm32f10x_tim.o(i.TIM_ETRConfig), (28 bytes).
    Removing stm32f10x_tim.o(i.TIM_EncoderInterfaceConfig), (66 bytes).
    Removing stm32f10x_tim.o(i.TIM_ForcedOC1Config), (18 bytes).
    Removing stm32f10x_tim.o(i.TIM_ForcedOC2Config), (26 bytes).
    Removing stm32f10x_tim.o(i.TIM_ForcedOC3Config), (18 bytes).
    Removing stm32f10x_tim.o(i.TIM_ForcedOC4Config), (26 bytes).
    Removing stm32f10x_tim.o(i.TIM_GenerateEvent), (4 bytes).
    Removing stm32f10x_tim.o(i.TIM_GetCapture1), (6 bytes).
    Removing stm32f10x_tim.o(i.TIM_GetCapture2), (6 bytes).
    Removing stm32f10x_tim.o(i.TIM_GetCapture3), (6 bytes).
    Removing stm32f10x_tim.o(i.TIM_GetCapture4), (8 bytes).
    Removing stm32f10x_tim.o(i.TIM_GetCounter), (6 bytes).
    Removing stm32f10x_tim.o(i.TIM_GetFlagStatus), (18 bytes).
    Removing stm32f10x_tim.o(i.TIM_GetITStatus), (34 bytes).
    Removing stm32f10x_tim.o(i.TIM_GetPrescaler), (6 bytes).
    Removing stm32f10x_tim.o(i.TIM_ICInit), (172 bytes).
    Removing stm32f10x_tim.o(i.TIM_ICStructInit), (18 bytes).
    Removing stm32f10x_tim.o(i.TIM_ITConfig), (18 bytes).
    Removing stm32f10x_tim.o(i.TIM_ITRxExternalClockConfig), (24 bytes).
    Removing stm32f10x_tim.o(i.TIM_InternalClockConfig), (12 bytes).
    Removing stm32f10x_tim.o(i.TIM_OC1FastConfig), (18 bytes).
    Removing stm32f10x_tim.o(i.TIM_OC1NPolarityConfig), (18 bytes).
    Removing stm32f10x_tim.o(i.TIM_OC1PolarityConfig), (18 bytes).
    Removing stm32f10x_tim.o(i.TIM_OC2FastConfig), (26 bytes).
    Removing stm32f10x_tim.o(i.TIM_OC2NPolarityConfig), (26 bytes).
    Removing stm32f10x_tim.o(i.TIM_OC2PolarityConfig), (26 bytes).
    Removing stm32f10x_tim.o(i.TIM_OC3FastConfig), (18 bytes).
    Removing stm32f10x_tim.o(i.TIM_OC3Init), (160 bytes).
    Removing stm32f10x_tim.o(i.TIM_OC3NPolarityConfig), (26 bytes).
    Removing stm32f10x_tim.o(i.TIM_OC3PolarityConfig), (26 bytes).
    Removing stm32f10x_tim.o(i.TIM_OC3PreloadConfig), (18 bytes).
    Removing stm32f10x_tim.o(i.TIM_OC4FastConfig), (26 bytes).
    Removing stm32f10x_tim.o(i.TIM_OC4Init), (124 bytes).
    Removing stm32f10x_tim.o(i.TIM_OC4PolarityConfig), (26 bytes).
    Removing stm32f10x_tim.o(i.TIM_OC4PreloadConfig), (26 bytes).
    Removing stm32f10x_tim.o(i.TIM_OCStructInit), (20 bytes).
    Removing stm32f10x_tim.o(i.TIM_PWMIConfig), (124 bytes).
    Removing stm32f10x_tim.o(i.TIM_PrescalerConfig), (6 bytes).
    Removing stm32f10x_tim.o(i.TIM_SelectCCDMA), (24 bytes).
    Removing stm32f10x_tim.o(i.TIM_SelectCOM), (24 bytes).
    Removing stm32f10x_tim.o(i.TIM_SelectHallSensor), (24 bytes).
    Removing stm32f10x_tim.o(i.TIM_SelectInputTrigger), (18 bytes).
    Removing stm32f10x_tim.o(i.TIM_SelectMasterSlaveMode), (18 bytes).
    Removing stm32f10x_tim.o(i.TIM_SelectOCxM), (82 bytes).
    Removing stm32f10x_tim.o(i.TIM_SelectOnePulseMode), (18 bytes).
    Removing stm32f10x_tim.o(i.TIM_SelectOutputTrigger), (18 bytes).
    Removing stm32f10x_tim.o(i.TIM_SelectSlaveMode), (18 bytes).
    Removing stm32f10x_tim.o(i.TIM_SetAutoreload), (4 bytes).
    Removing stm32f10x_tim.o(i.TIM_SetClockDivision), (18 bytes).
    Removing stm32f10x_tim.o(i.TIM_SetCompare3), (4 bytes).
    Removing stm32f10x_tim.o(i.TIM_SetCompare4), (6 bytes).
    Removing stm32f10x_tim.o(i.TIM_SetCounter), (4 bytes).
    Removing stm32f10x_tim.o(i.TIM_SetIC1Prescaler), (18 bytes).
    Removing stm32f10x_tim.o(i.TIM_SetIC2Prescaler), (26 bytes).
    Removing stm32f10x_tim.o(i.TIM_SetIC3Prescaler), (18 bytes).
    Removing stm32f10x_tim.o(i.TIM_SetIC4Prescaler), (26 bytes).
    Removing stm32f10x_tim.o(i.TIM_TIxExternalClockConfig), (62 bytes).
    Removing stm32f10x_tim.o(i.TIM_TimeBaseStructInit), (18 bytes).
    Removing stm32f10x_tim.o(i.TIM_UpdateDisableConfig), (24 bytes).
    Removing stm32f10x_tim.o(i.TIM_UpdateRequestConfig), (24 bytes).
    Removing misc.o(i.NVIC_SetVectorTable), (20 bytes).
    Removing misc.o(i.NVIC_SystemLPConfig), (32 bytes).
    Removing misc.o(i.SysTick_CLKSourceConfig), (40 bytes).

167 unused section(s) (total 6796 bytes) removed from the image.

==============================================================================

Image Symbol Table

    Local Symbols

    Symbol Name                              Value     Ov Type        Size  Object(Section)

    ../clib/microlib/init/entry.s            0x00000000   Number         0  entry12b.o ABSOLUTE
    ../clib/microlib/init/entry.s            0x00000000   Number         0  entry9b.o ABSOLUTE
    ../clib/microlib/init/entry.s            0x00000000   Number         0  entry.o ABSOLUTE
    ../clib/microlib/init/entry.s            0x00000000   Number         0  entry11a.o ABSOLUTE
    ../clib/microlib/init/entry.s            0x00000000   Number         0  entry10b.o ABSOLUTE
    ../clib/microlib/init/entry.s            0x00000000   Number         0  entry8b.o ABSOLUTE
    ../clib/microlib/init/entry.s            0x00000000   Number         0  entry2.o ABSOLUTE
    ../clib/microlib/init/entry.s            0x00000000   Number         0  entry8a.o ABSOLUTE
    ../clib/microlib/init/entry.s            0x00000000   Number         0  entry7a.o ABSOLUTE
    ../clib/microlib/init/entry.s            0x00000000   Number         0  entry12a.o ABSOLUTE
    ../clib/microlib/init/entry.s            0x00000000   Number         0  entry11b.o ABSOLUTE
    ../clib/microlib/init/entry.s            0x00000000   Number         0  entry5.o ABSOLUTE
    ../clib/microlib/init/entry.s            0x00000000   Number         0  entry7b.o ABSOLUTE
    ../clib/microlib/init/entry.s            0x00000000   Number         0  entry9a.o ABSOLUTE
    ../clib/microlib/init/entry.s            0x00000000   Number         0  entry10a.o ABSOLUTE
    ../clib/microlib/string/memset.c         0x00000000   Number         0  memseta.o ABSOLUTE
    ..\APP\main.c                            0x00000000   Number         0  main.o ABSOLUTE
    ..\APP\stm32f10x_it.c                    0x00000000   Number         0  stm32f10x_it.o ABSOLUTE
    ..\BSP\Emm_V5.c                          0x00000000   Number         0  emm_v5.o ABSOLUTE
    ..\BSP\board.c                           0x00000000   Number         0  board.o ABSOLUTE
    ..\BSP\usart.c                           0x00000000   Number         0  usart.o ABSOLUTE
    ..\CMSIS\core_cm3.c                      0x00000000   Number         0  core_cm3.o ABSOLUTE
    ..\CMSIS\startup_stm32f10x_hd.s          0x00000000   Number         0  startup_stm32f10x_hd.o ABSOLUTE
    ..\CMSIS\system_stm32f10x.c              0x00000000   Number         0  system_stm32f10x.o ABSOLUTE
    ..\DRIVERS\delay.c                       0x00000000   Number         0  delay.o ABSOLUTE
    ..\DRIVERS\fifo.c                        0x00000000   Number         0  fifo.o ABSOLUTE
    ..\DRIVERS\ps2.c                         0x00000000   Number         0  ps2.o ABSOLUTE
    ..\DRIVERS\servo_pwm.c                   0x00000000   Number         0  servo_pwm.o ABSOLUTE
    ..\LIB\STM32F10x_StdPeriph_Lib_V3.5.0\src\misc.c 0x00000000   Number         0  misc.o ABSOLUTE
    ..\LIB\STM32F10x_StdPeriph_Lib_V3.5.0\src\stm32f10x_gpio.c 0x00000000   Number         0  stm32f10x_gpio.o ABSOLUTE
    ..\LIB\STM32F10x_StdPeriph_Lib_V3.5.0\src\stm32f10x_rcc.c 0x00000000   Number         0  stm32f10x_rcc.o ABSOLUTE
    ..\LIB\STM32F10x_StdPeriph_Lib_V3.5.0\src\stm32f10x_tim.c 0x00000000   Number         0  stm32f10x_tim.o ABSOLUTE
    ..\LIB\STM32F10x_StdPeriph_Lib_V3.5.0\src\stm32f10x_usart.c 0x00000000   Number         0  stm32f10x_usart.o ABSOLUTE
    ..\\CMSIS\\core_cm3.c                    0x00000000   Number         0  core_cm3.o ABSOLUTE
    dc.s                                     0x00000000   Number         0  dc.o ABSOLUTE
    handlers.s                               0x00000000   Number         0  handlers.o ABSOLUTE
    init.s                                   0x00000000   Number         0  init.o ABSOLUTE
    RESET                                    0x08000000   Section      304  startup_stm32f10x_hd.o(RESET)
    .ARM.Collect$$$$00000000                 0x08000130   Section        0  entry.o(.ARM.Collect$$$$00000000)
    .ARM.Collect$$$$00000001                 0x08000130   Section        4  entry2.o(.ARM.Collect$$$$00000001)
    .ARM.Collect$$$$00000004                 0x08000134   Section        4  entry5.o(.ARM.Collect$$$$00000004)
    .ARM.Collect$$$$00000008                 0x08000138   Section        0  entry7b.o(.ARM.Collect$$$$00000008)
    .ARM.Collect$$$$0000000A                 0x08000138   Section        0  entry8b.o(.ARM.Collect$$$$0000000A)
    .ARM.Collect$$$$0000000B                 0x08000138   Section        8  entry9a.o(.ARM.Collect$$$$0000000B)
    .ARM.Collect$$$$0000000E                 0x08000140   Section        4  entry12b.o(.ARM.Collect$$$$0000000E)
    .ARM.Collect$$$$0000000F                 0x08000144   Section        0  entry10a.o(.ARM.Collect$$$$0000000F)
    .ARM.Collect$$$$00000011                 0x08000144   Section        0  entry11a.o(.ARM.Collect$$$$00000011)
    .ARM.Collect$$$$00002712                 0x08000144   Section        4  entry2.o(.ARM.Collect$$$$00002712)
    __lit__00000000                          0x08000144   Data           4  entry2.o(.ARM.Collect$$$$00002712)
    .text                                    0x08000148   Section       36  startup_stm32f10x_hd.o(.text)
    .text                                    0x0800016c   Section       36  init.o(.text)
    i.AllStop                                0x08000190   Section        0  main.o(i.AllStop)
    AllStop                                  0x08000191   Thumb Code    12  main.o(i.AllStop)
    i.BusFault_Handler                       0x0800019c   Section        0  stm32f10x_it.o(i.BusFault_Handler)
    i.DebugMon_Handler                       0x080001a0   Section        0  stm32f10x_it.o(i.DebugMon_Handler)
    i.Emm_V5_Stop_Now                        0x080001a2   Section        0  emm_v5.o(i.Emm_V5_Stop_Now)
    i.Emm_V5_Synchronous_motion              0x080001d6   Section        0  emm_v5.o(i.Emm_V5_Synchronous_motion)
    i.Emm_V5_Vel_Control                     0x08000204   Section        0  emm_v5.o(i.Emm_V5_Vel_Control)
    i.GPIO_Init                              0x08000252   Section        0  stm32f10x_gpio.o(i.GPIO_Init)
    i.GPIO_PinRemapConfig                    0x08000368   Section        0  stm32f10x_gpio.o(i.GPIO_PinRemapConfig)
    i.GPIO_ReadInputDataBit                  0x080003f8   Section        0  stm32f10x_gpio.o(i.GPIO_ReadInputDataBit)
    i.GPIO_ResetBits                         0x0800040a   Section        0  stm32f10x_gpio.o(i.GPIO_ResetBits)
    i.GPIO_SetBits                           0x0800040e   Section        0  stm32f10x_gpio.o(i.GPIO_SetBits)
    i.HardFault_Handler                      0x08000412   Section        0  stm32f10x_it.o(i.HardFault_Handler)
    i.LimitMotorSpeed                        0x08000416   Section        0  main.o(i.LimitMotorSpeed)
    LimitMotorSpeed                          0x08000417   Thumb Code    26  main.o(i.LimitMotorSpeed)
    i.MemManage_Handler                      0x08000430   Section        0  stm32f10x_it.o(i.MemManage_Handler)
    i.Motor_AllStop                          0x08000434   Section        0  main.o(i.Motor_AllStop)
    Motor_AllStop                            0x08000435   Thumb Code    38  main.o(i.Motor_AllStop)
    i.Motor_SetSignedSpeed                   0x0800045a   Section        0  main.o(i.Motor_SetSignedSpeed)
    Motor_SetSignedSpeed                     0x0800045b   Thumb Code    52  main.o(i.Motor_SetSignedSpeed)
    i.NMI_Handler                            0x0800048e   Section        0  stm32f10x_it.o(i.NMI_Handler)
    i.NVIC_Init                              0x08000490   Section        0  misc.o(i.NVIC_Init)
    i.NVIC_PriorityGroupConfig               0x08000500   Section        0  misc.o(i.NVIC_PriorityGroupConfig)
    i.PS2_AxisToSpeed                        0x08000514   Section        0  main.o(i.PS2_AxisToSpeed)
    PS2_AxisToSpeed                          0x08000515   Thumb Code    46  main.o(i.PS2_AxisToSpeed)
    i.PS2_DelayUs                            0x08000544   Section        0  ps2.o(i.PS2_DelayUs)
    PS2_DelayUs                              0x08000545   Thumb Code    42  ps2.o(i.PS2_DelayUs)
    i.PS2_Init                               0x08000578   Section        0  ps2.o(i.PS2_Init)
    i.PS2_ReadWriteData                      0x080005d4   Section        0  ps2.o(i.PS2_ReadWriteData)
    PS2_ReadWriteData                        0x080005d5   Thumb Code    86  ps2.o(i.PS2_ReadWriteData)
    i.PS2_ScanKey                            0x08000630   Section        0  ps2.o(i.PS2_ScanKey)
    i.PendSV_Handler                         0x08000698   Section        0  stm32f10x_it.o(i.PendSV_Handler)
    i.RCC_APB1PeriphClockCmd                 0x0800069c   Section        0  stm32f10x_rcc.o(i.RCC_APB1PeriphClockCmd)
    i.RCC_APB2PeriphClockCmd                 0x080006bc   Section        0  stm32f10x_rcc.o(i.RCC_APB2PeriphClockCmd)
    i.RCC_GetClocksFreq                      0x080006dc   Section        0  stm32f10x_rcc.o(i.RCC_GetClocksFreq)
    i.SVC_Handler                            0x080007b0   Section        0  stm32f10x_it.o(i.SVC_Handler)
    i.Servo1_SetPulse                        0x080007b2   Section        0  servo_pwm.o(i.Servo1_SetPulse)
    i.Servo2_SetPulse                        0x080007c2   Section        0  servo_pwm.o(i.Servo2_SetPulse)
    i.Servo_PWM_Init                         0x080007d4   Section        0  servo_pwm.o(i.Servo_PWM_Init)
    i.Servo_Swing_Step                       0x08000880   Section        0  servo_pwm.o(i.Servo_Swing_Step)
    i.SetSysClock                            0x080008f0   Section        0  system_stm32f10x.o(i.SetSysClock)
    SetSysClock                              0x080008f1   Thumb Code     8  system_stm32f10x.o(i.SetSysClock)
    i.SetSysClockTo72                        0x080008f8   Section        0  system_stm32f10x.o(i.SetSysClockTo72)
    SetSysClockTo72                          0x080008f9   Thumb Code   214  system_stm32f10x.o(i.SetSysClockTo72)
    i.SysTick_Handler                        0x080009d8   Section        0  stm32f10x_it.o(i.SysTick_Handler)
    i.SystemInit                             0x080009dc   Section        0  system_stm32f10x.o(i.SystemInit)
    i.TIM_ARRPreloadConfig                   0x08000a3c   Section        0  stm32f10x_tim.o(i.TIM_ARRPreloadConfig)
    i.TIM_Cmd                                0x08000a54   Section        0  stm32f10x_tim.o(i.TIM_Cmd)
    i.TIM_OC1Init                            0x08000a6c   Section        0  stm32f10x_tim.o(i.TIM_OC1Init)
    i.TIM_OC1PreloadConfig                   0x08000b04   Section        0  stm32f10x_tim.o(i.TIM_OC1PreloadConfig)
    i.TIM_OC2Init                            0x08000b18   Section        0  stm32f10x_tim.o(i.TIM_OC2Init)
    i.TIM_OC2PreloadConfig                   0x08000bbc   Section        0  stm32f10x_tim.o(i.TIM_OC2PreloadConfig)
    i.TIM_SetCompare1                        0x08000bd6   Section        0  stm32f10x_tim.o(i.TIM_SetCompare1)
    i.TIM_SetCompare2                        0x08000bda   Section        0  stm32f10x_tim.o(i.TIM_SetCompare2)
    i.TIM_TimeBaseInit                       0x08000be0   Section        0  stm32f10x_tim.o(i.TIM_TimeBaseInit)
    i.USART1_IRQHandler                      0x08000c84   Section        0  usart.o(i.USART1_IRQHandler)
    i.USART_ClearITPendingBit                0x08000d0c   Section        0  stm32f10x_usart.o(i.USART_ClearITPendingBit)
    i.USART_Cmd                              0x08000d2a   Section        0  stm32f10x_usart.o(i.USART_Cmd)
    i.USART_GetITStatus                      0x08000d42   Section        0  stm32f10x_usart.o(i.USART_GetITStatus)
    i.USART_ITConfig                         0x08000d96   Section        0  stm32f10x_usart.o(i.USART_ITConfig)
    i.USART_Init                             0x08000de0   Section        0  stm32f10x_usart.o(i.USART_Init)
    i.UsageFault_Handler                     0x08000eb8   Section        0  stm32f10x_it.o(i.UsageFault_Handler)
    i.__scatterload_copy                     0x08000ebc   Section       14  handlers.o(i.__scatterload_copy)
    i.__scatterload_null                     0x08000eca   Section        2  handlers.o(i.__scatterload_null)
    i.__scatterload_zeroinit                 0x08000ecc   Section       14  handlers.o(i.__scatterload_zeroinit)
    i.board_init                             0x08000eda   Section        0  board.o(i.board_init)
    i.clock_init                             0x08000eec   Section        0  board.o(i.clock_init)
    i.delay_ms                               0x08000f0c   Section        0  delay.o(i.delay_ms)
    i.fifo_deQueue                           0x08000f6c   Section        0  fifo.o(i.fifo_deQueue)
    i.fifo_enQueue                           0x08000f9c   Section        0  fifo.o(i.fifo_enQueue)
    i.fifo_queueLength                       0x08000fcc   Section        0  fifo.o(i.fifo_queueLength)
    i.main                                   0x08001008   Section        0  main.o(i.main)
    i.nvic_init                              0x08001198   Section        0  board.o(i.nvic_init)
    i.usart_SendByte                         0x080011c0   Section        0  usart.o(i.usart_SendByte)
    i.usart_SendCmd                          0x080011fc   Section        0  usart.o(i.usart_SendCmd)
    i.usart_init                             0x08001228   Section        0  board.o(i.usart_init)
    .constdata                               0x080012c4   Section        9  ps2.o(.constdata)
    ps2_cmd                                  0x080012c4   Data           9  ps2.o(.constdata)
    .data                                    0x20000000   Section        2  usart.o(.data)
    .data                                    0x20000004   Section       20  system_stm32f10x.o(.data)
    .data                                    0x20000018   Section       20  stm32f10x_rcc.o(.data)
    APBAHBPrescTable                         0x20000018   Data          16  stm32f10x_rcc.o(.data)
    ADCPrescTable                            0x20000028   Data           4  stm32f10x_rcc.o(.data)
    .bss                                     0x2000002c   Section      128  usart.o(.bss)
    .bss                                     0x200000ac   Section      258  fifo.o(.bss)
    .bss                                     0x200001ae   Section        9  ps2.o(.bss)
    ps2_data                                 0x200001ae   Data           9  ps2.o(.bss)
    STACK                                    0x200001b8   Section     2048  startup_stm32f10x_hd.o(STACK)

    Global Symbols

    Symbol Name                              Value     Ov Type        Size  Object(Section)

    BuildAttributes$$THM_ISAv4$P$D$K$B$S$PE$A:L22UL41UL21$X:L11$S22US41US21$IEEE1$IW$USESV6$~STKCKD$USESV7$~SHL$OSPACE$EBA8$MICROLIB$REQ8$PRES8$EABIv2 0x00000000   Number         0  anon$$obj.o ABSOLUTE
    __ARM_use_no_argv                        0x00000000   Number         0  main.o ABSOLUTE
    __arm_fini_                               - Undefined Weak Reference
    __cpp_initialize__aeabi_                  - Undefined Weak Reference
    __cxa_finalize                            - Undefined Weak Reference
    __decompress                              - Undefined Weak Reference
    _clock_init                               - Undefined Weak Reference
    _microlib_exit                            - Undefined Weak Reference
    __Vectors_Size                           0x00000130   Number         0  startup_stm32f10x_hd.o ABSOLUTE
    __Vectors                                0x08000000   Data           4  startup_stm32f10x_hd.o(RESET)
    __Vectors_End                            0x08000130   Data           0  startup_stm32f10x_hd.o(RESET)
    __main                                   0x08000131   Thumb Code     0  entry.o(.ARM.Collect$$$$00000000)
    _main_stk                                0x08000131   Thumb Code     0  entry2.o(.ARM.Collect$$$$00000001)
    _main_scatterload                        0x08000135   Thumb Code     0  entry5.o(.ARM.Collect$$$$00000004)
    __main_after_scatterload                 0x08000139   Thumb Code     0  entry5.o(.ARM.Collect$$$$00000004)
    _main_clock                              0x08000139   Thumb Code     0  entry7b.o(.ARM.Collect$$$$00000008)
    _main_cpp_init                           0x08000139   Thumb Code     0  entry8b.o(.ARM.Collect$$$$0000000A)
    _main_init                               0x08000139   Thumb Code     0  entry9a.o(.ARM.Collect$$$$0000000B)
    __rt_lib_shutdown_fini                   0x08000141   Thumb Code     0  entry12b.o(.ARM.Collect$$$$0000000E)
    __rt_final_cpp                           0x08000145   Thumb Code     0  entry10a.o(.ARM.Collect$$$$0000000F)
    __rt_final_exit                          0x08000145   Thumb Code     0  entry11a.o(.ARM.Collect$$$$00000011)
    Reset_Handler                            0x08000149   Thumb Code     8  startup_stm32f10x_hd.o(.text)
    ADC1_2_IRQHandler                        0x08000163   Thumb Code     0  startup_stm32f10x_hd.o(.text)
    ADC3_IRQHandler                          0x08000163   Thumb Code     0  startup_stm32f10x_hd.o(.text)
    CAN1_RX1_IRQHandler                      0x08000163   Thumb Code     0  startup_stm32f10x_hd.o(.text)
    CAN1_SCE_IRQHandler                      0x08000163   Thumb Code     0  startup_stm32f10x_hd.o(.text)
    DMA1_Channel1_IRQHandler                 0x08000163   Thumb Code     0  startup_stm32f10x_hd.o(.text)
    DMA1_Channel2_IRQHandler                 0x08000163   Thumb Code     0  startup_stm32f10x_hd.o(.text)
    DMA1_Channel3_IRQHandler                 0x08000163   Thumb Code     0  startup_stm32f10x_hd.o(.text)
    DMA1_Channel4_IRQHandler                 0x08000163   Thumb Code     0  startup_stm32f10x_hd.o(.text)
    DMA1_Channel5_IRQHandler                 0x08000163   Thumb Code     0  startup_stm32f10x_hd.o(.text)
    DMA1_Channel6_IRQHandler                 0x08000163   Thumb Code     0  startup_stm32f10x_hd.o(.text)
    DMA1_Channel7_IRQHandler                 0x08000163   Thumb Code     0  startup_stm32f10x_hd.o(.text)
    DMA2_Channel1_IRQHandler                 0x08000163   Thumb Code     0  startup_stm32f10x_hd.o(.text)
    DMA2_Channel2_IRQHandler                 0x08000163   Thumb Code     0  startup_stm32f10x_hd.o(.text)
    DMA2_Channel3_IRQHandler                 0x08000163   Thumb Code     0  startup_stm32f10x_hd.o(.text)
    DMA2_Channel4_5_IRQHandler               0x08000163   Thumb Code     0  startup_stm32f10x_hd.o(.text)
    EXTI0_IRQHandler                         0x08000163   Thumb Code     0  startup_stm32f10x_hd.o(.text)
    EXTI15_10_IRQHandler                     0x08000163   Thumb Code     0  startup_stm32f10x_hd.o(.text)
    EXTI1_IRQHandler                         0x08000163   Thumb Code     0  startup_stm32f10x_hd.o(.text)
    EXTI2_IRQHandler                         0x08000163   Thumb Code     0  startup_stm32f10x_hd.o(.text)
    EXTI3_IRQHandler                         0x08000163   Thumb Code     0  startup_stm32f10x_hd.o(.text)
    EXTI4_IRQHandler                         0x08000163   Thumb Code     0  startup_stm32f10x_hd.o(.text)
    EXTI9_5_IRQHandler                       0x08000163   Thumb Code     0  startup_stm32f10x_hd.o(.text)
    FLASH_IRQHandler                         0x08000163   Thumb Code     0  startup_stm32f10x_hd.o(.text)
    FSMC_IRQHandler                          0x08000163   Thumb Code     0  startup_stm32f10x_hd.o(.text)
    I2C1_ER_IRQHandler                       0x08000163   Thumb Code     0  startup_stm32f10x_hd.o(.text)
    I2C1_EV_IRQHandler                       0x08000163   Thumb Code     0  startup_stm32f10x_hd.o(.text)
    I2C2_ER_IRQHandler                       0x08000163   Thumb Code     0  startup_stm32f10x_hd.o(.text)
    I2C2_EV_IRQHandler                       0x08000163   Thumb Code     0  startup_stm32f10x_hd.o(.text)
    PVD_IRQHandler                           0x08000163   Thumb Code     0  startup_stm32f10x_hd.o(.text)
    RCC_IRQHandler                           0x08000163   Thumb Code     0  startup_stm32f10x_hd.o(.text)
    RTCAlarm_IRQHandler                      0x08000163   Thumb Code     0  startup_stm32f10x_hd.o(.text)
    RTC_IRQHandler                           0x08000163   Thumb Code     0  startup_stm32f10x_hd.o(.text)
    SDIO_IRQHandler                          0x08000163   Thumb Code     0  startup_stm32f10x_hd.o(.text)
    SPI1_IRQHandler                          0x08000163   Thumb Code     0  startup_stm32f10x_hd.o(.text)
    SPI2_IRQHandler                          0x08000163   Thumb Code     0  startup_stm32f10x_hd.o(.text)
    SPI3_IRQHandler                          0x08000163   Thumb Code     0  startup_stm32f10x_hd.o(.text)
    TAMPER_IRQHandler                        0x08000163   Thumb Code     0  startup_stm32f10x_hd.o(.text)
    TIM1_BRK_IRQHandler                      0x08000163   Thumb Code     0  startup_stm32f10x_hd.o(.text)
    TIM1_CC_IRQHandler                       0x08000163   Thumb Code     0  startup_stm32f10x_hd.o(.text)
    TIM1_TRG_COM_IRQHandler                  0x08000163   Thumb Code     0  startup_stm32f10x_hd.o(.text)
    TIM1_UP_IRQHandler                       0x08000163   Thumb Code     0  startup_stm32f10x_hd.o(.text)
    TIM2_IRQHandler                          0x08000163   Thumb Code     0  startup_stm32f10x_hd.o(.text)
    TIM3_IRQHandler                          0x08000163   Thumb Code     0  startup_stm32f10x_hd.o(.text)
    TIM4_IRQHandler                          0x08000163   Thumb Code     0  startup_stm32f10x_hd.o(.text)
    TIM5_IRQHandler                          0x08000163   Thumb Code     0  startup_stm32f10x_hd.o(.text)
    TIM6_IRQHandler                          0x08000163   Thumb Code     0  startup_stm32f10x_hd.o(.text)
    TIM7_IRQHandler                          0x08000163   Thumb Code     0  startup_stm32f10x_hd.o(.text)
    TIM8_BRK_IRQHandler                      0x08000163   Thumb Code     0  startup_stm32f10x_hd.o(.text)
    TIM8_CC_IRQHandler                       0x08000163   Thumb Code     0  startup_stm32f10x_hd.o(.text)
    TIM8_TRG_COM_IRQHandler                  0x08000163   Thumb Code     0  startup_stm32f10x_hd.o(.text)
    TIM8_UP_IRQHandler                       0x08000163   Thumb Code     0  startup_stm32f10x_hd.o(.text)
    UART4_IRQHandler                         0x08000163   Thumb Code     0  startup_stm32f10x_hd.o(.text)
    UART5_IRQHandler                         0x08000163   Thumb Code     0  startup_stm32f10x_hd.o(.text)
    USART2_IRQHandler                        0x08000163   Thumb Code     0  startup_stm32f10x_hd.o(.text)
    USART3_IRQHandler                        0x08000163   Thumb Code     0  startup_stm32f10x_hd.o(.text)
    USBWakeUp_IRQHandler                     0x08000163   Thumb Code     0  startup_stm32f10x_hd.o(.text)
    USB_HP_CAN1_TX_IRQHandler                0x08000163   Thumb Code     0  startup_stm32f10x_hd.o(.text)
    USB_LP_CAN1_RX0_IRQHandler               0x08000163   Thumb Code     0  startup_stm32f10x_hd.o(.text)
    WWDG_IRQHandler                          0x08000163   Thumb Code     0  startup_stm32f10x_hd.o(.text)
    __scatterload                            0x0800016d   Thumb Code    28  init.o(.text)
    __scatterload_rt2                        0x0800016d   Thumb Code     0  init.o(.text)
    BusFault_Handler                         0x0800019d   Thumb Code     4  stm32f10x_it.o(i.BusFault_Handler)
    DebugMon_Handler                         0x080001a1   Thumb Code     2  stm32f10x_it.o(i.DebugMon_Handler)
    Emm_V5_Stop_Now                          0x080001a3   Thumb Code    52  emm_v5.o(i.Emm_V5_Stop_Now)
    Emm_V5_Synchronous_motion                0x080001d7   Thumb Code    46  emm_v5.o(i.Emm_V5_Synchronous_motion)
    Emm_V5_Vel_Control                       0x08000205   Thumb Code    78  emm_v5.o(i.Emm_V5_Vel_Control)
    GPIO_Init                                0x08000253   Thumb Code   278  stm32f10x_gpio.o(i.GPIO_Init)
    GPIO_PinRemapConfig                      0x08000369   Thumb Code   138  stm32f10x_gpio.o(i.GPIO_PinRemapConfig)
    GPIO_ReadInputDataBit                    0x080003f9   Thumb Code    18  stm32f10x_gpio.o(i.GPIO_ReadInputDataBit)
    GPIO_ResetBits                           0x0800040b   Thumb Code     4  stm32f10x_gpio.o(i.GPIO_ResetBits)
    GPIO_SetBits                             0x0800040f   Thumb Code     4  stm32f10x_gpio.o(i.GPIO_SetBits)
    HardFault_Handler                        0x08000413   Thumb Code     4  stm32f10x_it.o(i.HardFault_Handler)
    MemManage_Handler                        0x08000431   Thumb Code     4  stm32f10x_it.o(i.MemManage_Handler)
    NMI_Handler                              0x0800048f   Thumb Code     2  stm32f10x_it.o(i.NMI_Handler)
    NVIC_Init                                0x08000491   Thumb Code   100  misc.o(i.NVIC_Init)
    NVIC_PriorityGroupConfig                 0x08000501   Thumb Code    10  misc.o(i.NVIC_PriorityGroupConfig)
    PS2_Init                                 0x08000579   Thumb Code    88  ps2.o(i.PS2_Init)
    PS2_ScanKey                              0x08000631   Thumb Code    92  ps2.o(i.PS2_ScanKey)
    PendSV_Handler                           0x08000699   Thumb Code     2  stm32f10x_it.o(i.PendSV_Handler)
    RCC_APB1PeriphClockCmd                   0x0800069d   Thumb Code    26  stm32f10x_rcc.o(i.RCC_APB1PeriphClockCmd)
    RCC_APB2PeriphClockCmd                   0x080006bd   Thumb Code    26  stm32f10x_rcc.o(i.RCC_APB2PeriphClockCmd)
    RCC_GetClocksFreq                        0x080006dd   Thumb Code   192  stm32f10x_rcc.o(i.RCC_GetClocksFreq)
    SVC_Handler                              0x080007b1   Thumb Code     2  stm32f10x_it.o(i.SVC_Handler)
    Servo1_SetPulse                          0x080007b3   Thumb Code    16  servo_pwm.o(i.Servo1_SetPulse)
    Servo2_SetPulse                          0x080007c3   Thumb Code    16  servo_pwm.o(i.Servo2_SetPulse)
    Servo_PWM_Init                           0x080007d5   Thumb Code   166  servo_pwm.o(i.Servo_PWM_Init)
    Servo_Swing_Step                         0x08000881   Thumb Code   112  servo_pwm.o(i.Servo_Swing_Step)
    SysTick_Handler                          0x080009d9   Thumb Code     2  stm32f10x_it.o(i.SysTick_Handler)
    SystemInit                               0x080009dd   Thumb Code    78  system_stm32f10x.o(i.SystemInit)
    TIM_ARRPreloadConfig                     0x08000a3d   Thumb Code    24  stm32f10x_tim.o(i.TIM_ARRPreloadConfig)
    TIM_Cmd                                  0x08000a55   Thumb Code    24  stm32f10x_tim.o(i.TIM_Cmd)
    TIM_OC1Init                              0x08000a6d   Thumb Code   132  stm32f10x_tim.o(i.TIM_OC1Init)
    TIM_OC1PreloadConfig                     0x08000b05   Thumb Code    18  stm32f10x_tim.o(i.TIM_OC1PreloadConfig)
    TIM_OC2Init                              0x08000b19   Thumb Code   154  stm32f10x_tim.o(i.TIM_OC2Init)
    TIM_OC2PreloadConfig                     0x08000bbd   Thumb Code    26  stm32f10x_tim.o(i.TIM_OC2PreloadConfig)
    TIM_SetCompare1                          0x08000bd7   Thumb Code     4  stm32f10x_tim.o(i.TIM_SetCompare1)
    TIM_SetCompare2                          0x08000bdb   Thumb Code     4  stm32f10x_tim.o(i.TIM_SetCompare2)
    TIM_TimeBaseInit                         0x08000be1   Thumb Code   122  stm32f10x_tim.o(i.TIM_TimeBaseInit)
    USART1_IRQHandler                        0x08000c85   Thumb Code   120  usart.o(i.USART1_IRQHandler)
    USART_ClearITPendingBit                  0x08000d0d   Thumb Code    30  stm32f10x_usart.o(i.USART_ClearITPendingBit)
    USART_Cmd                                0x08000d2b   Thumb Code    24  stm32f10x_usart.o(i.USART_Cmd)
    USART_GetITStatus                        0x08000d43   Thumb Code    84  stm32f10x_usart.o(i.USART_GetITStatus)
    USART_ITConfig                           0x08000d97   Thumb Code    74  stm32f10x_usart.o(i.USART_ITConfig)
    USART_Init                               0x08000de1   Thumb Code   210  stm32f10x_usart.o(i.USART_Init)
    UsageFault_Handler                       0x08000eb9   Thumb Code     4  stm32f10x_it.o(i.UsageFault_Handler)
    __scatterload_copy                       0x08000ebd   Thumb Code    14  handlers.o(i.__scatterload_copy)
    __scatterload_null                       0x08000ecb   Thumb Code     2  handlers.o(i.__scatterload_null)
    __scatterload_zeroinit                   0x08000ecd   Thumb Code    14  handlers.o(i.__scatterload_zeroinit)
    board_init                               0x08000edb   Thumb Code    16  board.o(i.board_init)
    clock_init                               0x08000eed   Thumb Code    28  board.o(i.clock_init)
    delay_ms                                 0x08000f0d   Thumb Code    90  delay.o(i.delay_ms)
    fifo_deQueue                             0x08000f6d   Thumb Code    44  fifo.o(i.fifo_deQueue)
    fifo_enQueue                             0x08000f9d   Thumb Code    42  fifo.o(i.fifo_enQueue)
    fifo_queueLength                         0x08000fcd   Thumb Code    56  fifo.o(i.fifo_queueLength)
    main                                     0x08001009   Thumb Code   396  main.o(i.main)
    nvic_init                                0x08001199   Thumb Code    40  board.o(i.nvic_init)
    usart_SendByte                           0x080011c1   Thumb Code    56  usart.o(i.usart_SendByte)
    usart_SendCmd                            0x080011fd   Thumb Code    44  usart.o(i.usart_SendCmd)
    usart_init                               0x08001229   Thumb Code   148  board.o(i.usart_init)
    Region$$Table$$Base                      0x080012d0   Number         0  anon$$obj.o(Region$$Table)
    Region$$Table$$Limit                     0x080012f0   Number         0  anon$$obj.o(Region$$Table)
    rxFrameFlag                              0x20000000   Data           1  usart.o(.data)
    rxCount                                  0x20000001   Data           1  usart.o(.data)
    SystemCoreClock                          0x20000004   Data           4  system_stm32f10x.o(.data)
    AHBPrescTable                            0x20000008   Data          16  system_stm32f10x.o(.data)
    rxCmd                                    0x2000002c   Data         128  usart.o(.bss)
    rxFIFO                                   0x200000ac   Data         258  fifo.o(.bss)
    __initial_sp                             0x200009b8   Data           0  startup_stm32f10x_hd.o(STACK)



==============================================================================

Memory Map of the image

  Image Entry point : 0x08000131

  Load Region LR_IROM1 (Base: 0x08000000, Size: 0x0000131c, Max: 0x00010000, ABSOLUTE)

    Execution Region ER_IROM1 (Exec base: 0x08000000, Load base: 0x08000000, Size: 0x000012f0, Max: 0x00010000, ABSOLUTE)

    Exec Addr    Load Addr    Size         Type   Attr      Idx    E Section Name        Object

    0x08000000   0x08000000   0x00000130   Data   RO          322    RESET               startup_stm32f10x_hd.o
    0x08000130   0x08000130   0x00000000   Code   RO         1560  * .ARM.Collect$$$$00000000  mc_w.l(entry.o)
    0x08000130   0x08000130   0x00000004   Code   RO         1565    .ARM.Collect$$$$00000001  mc_w.l(entry2.o)
    0x08000134   0x08000134   0x00000004   Code   RO         1568    .ARM.Collect$$$$00000004  mc_w.l(entry5.o)
    0x08000138   0x08000138   0x00000000   Code   RO         1570    .ARM.Collect$$$$00000008  mc_w.l(entry7b.o)
    0x08000138   0x08000138   0x00000000   Code   RO         1572    .ARM.Collect$$$$0000000A  mc_w.l(entry8b.o)
    0x08000138   0x08000138   0x00000008   Code   RO         1573    .ARM.Collect$$$$0000000B  mc_w.l(entry9a.o)
    0x08000140   0x08000140   0x00000004   Code   RO         1580    .ARM.Collect$$$$0000000E  mc_w.l(entry12b.o)
    0x08000144   0x08000144   0x00000000   Code   RO         1575    .ARM.Collect$$$$0000000F  mc_w.l(entry10a.o)
    0x08000144   0x08000144   0x00000000   Code   RO         1577    .ARM.Collect$$$$00000011  mc_w.l(entry11a.o)
    0x08000144   0x08000144   0x00000004   Code   RO         1566    .ARM.Collect$$$$00002712  mc_w.l(entry2.o)
    0x08000148   0x08000148   0x00000024   Code   RO          323    .text               startup_stm32f10x_hd.o
    0x0800016c   0x0800016c   0x00000024   Code   RO         1581    .text               mc_w.l(init.o)
    0x08000190   0x08000190   0x0000000c   Code   RO            1    i.AllStop           main.o
    0x0800019c   0x0800019c   0x00000004   Code   RO          101    i.BusFault_Handler  stm32f10x_it.o
    0x080001a0   0x080001a0   0x00000002   Code   RO          102    i.DebugMon_Handler  stm32f10x_it.o
    0x080001a2   0x080001a2   0x00000034   Code   RO          174    i.Emm_V5_Stop_Now   emm_v5.o
    0x080001d6   0x080001d6   0x0000002e   Code   RO          175    i.Emm_V5_Synchronous_motion  emm_v5.o
    0x08000204   0x08000204   0x0000004e   Code   RO          176    i.Emm_V5_Vel_Control  emm_v5.o
    0x08000252   0x08000252   0x00000116   Code   RO          488    i.GPIO_Init         stm32f10x_gpio.o
    0x08000368   0x08000368   0x00000090   Code   RO          490    i.GPIO_PinRemapConfig  stm32f10x_gpio.o
    0x080003f8   0x080003f8   0x00000012   Code   RO          492    i.GPIO_ReadInputDataBit  stm32f10x_gpio.o
    0x0800040a   0x0800040a   0x00000004   Code   RO          495    i.GPIO_ResetBits    stm32f10x_gpio.o
    0x0800040e   0x0800040e   0x00000004   Code   RO          496    i.GPIO_SetBits      stm32f10x_gpio.o
    0x08000412   0x08000412   0x00000004   Code   RO          103    i.HardFault_Handler  stm32f10x_it.o
    0x08000416   0x08000416   0x0000001a   Code   RO            2    i.LimitMotorSpeed   main.o
    0x08000430   0x08000430   0x00000004   Code   RO          104    i.MemManage_Handler  stm32f10x_it.o
    0x08000434   0x08000434   0x00000026   Code   RO            3    i.Motor_AllStop     main.o
    0x0800045a   0x0800045a   0x00000034   Code   RO            4    i.Motor_SetSignedSpeed  main.o
    0x0800048e   0x0800048e   0x00000002   Code   RO          105    i.NMI_Handler       stm32f10x_it.o
    0x08000490   0x08000490   0x00000070   Code   RO         1524    i.NVIC_Init         misc.o
    0x08000500   0x08000500   0x00000014   Code   RO         1525    i.NVIC_PriorityGroupConfig  misc.o
    0x08000514   0x08000514   0x0000002e   Code   RO            5    i.PS2_AxisToSpeed   main.o
    0x08000542   0x08000542   0x00000002   PAD
    0x08000544   0x08000544   0x00000034   Code   RO          421    i.PS2_DelayUs       ps2.o
    0x08000578   0x08000578   0x0000005c   Code   RO          422    i.PS2_Init          ps2.o
    0x080005d4   0x080005d4   0x0000005c   Code   RO          423    i.PS2_ReadWriteData  ps2.o
    0x08000630   0x08000630   0x00000068   Code   RO          424    i.PS2_ScanKey       ps2.o
    0x08000698   0x08000698   0x00000002   Code   RO          106    i.PendSV_Handler    stm32f10x_it.o
    0x0800069a   0x0800069a   0x00000002   PAD
    0x0800069c   0x0800069c   0x00000020   Code   RO          598    i.RCC_APB1PeriphClockCmd  stm32f10x_rcc.o
    0x080006bc   0x080006bc   0x00000020   Code   RO          600    i.RCC_APB2PeriphClockCmd  stm32f10x_rcc.o
    0x080006dc   0x080006dc   0x000000d4   Code   RO          608    i.RCC_GetClocksFreq  stm32f10x_rcc.o
    0x080007b0   0x080007b0   0x00000002   Code   RO          107    i.SVC_Handler       stm32f10x_it.o
    0x080007b2   0x080007b2   0x00000010   Code   RO          452    i.Servo1_SetPulse   servo_pwm.o
    0x080007c2   0x080007c2   0x00000010   Code   RO          453    i.Servo2_SetPulse   servo_pwm.o
    0x080007d2   0x080007d2   0x00000002   PAD
    0x080007d4   0x080007d4   0x000000ac   Code   RO          454    i.Servo_PWM_Init    servo_pwm.o
    0x08000880   0x08000880   0x00000070   Code   RO          455    i.Servo_Swing_Step  servo_pwm.o
    0x080008f0   0x080008f0   0x00000008   Code   RO          327    i.SetSysClock       system_stm32f10x.o
    0x080008f8   0x080008f8   0x000000e0   Code   RO          328    i.SetSysClockTo72   system_stm32f10x.o
    0x080009d8   0x080009d8   0x00000002   Code   RO          108    i.SysTick_Handler   stm32f10x_it.o
    0x080009da   0x080009da   0x00000002   PAD
    0x080009dc   0x080009dc   0x00000060   Code   RO          330    i.SystemInit        system_stm32f10x.o
    0x08000a3c   0x08000a3c   0x00000018   Code   RO          980    i.TIM_ARRPreloadConfig  stm32f10x_tim.o
    0x08000a54   0x08000a54   0x00000018   Code   RO          992    i.TIM_Cmd           stm32f10x_tim.o
    0x08000a6c   0x08000a6c   0x00000098   Code   RO         1021    i.TIM_OC1Init       stm32f10x_tim.o
    0x08000b04   0x08000b04   0x00000012   Code   RO         1024    i.TIM_OC1PreloadConfig  stm32f10x_tim.o
    0x08000b16   0x08000b16   0x00000002   PAD
    0x08000b18   0x08000b18   0x000000a4   Code   RO         1026    i.TIM_OC2Init       stm32f10x_tim.o
    0x08000bbc   0x08000bbc   0x0000001a   Code   RO         1029    i.TIM_OC2PreloadConfig  stm32f10x_tim.o
    0x08000bd6   0x08000bd6   0x00000004   Code   RO         1053    i.TIM_SetCompare1   stm32f10x_tim.o
    0x08000bda   0x08000bda   0x00000004   Code   RO         1054    i.TIM_SetCompare2   stm32f10x_tim.o
    0x08000bde   0x08000bde   0x00000002   PAD
    0x08000be0   0x08000be0   0x000000a4   Code   RO         1063    i.TIM_TimeBaseInit  stm32f10x_tim.o
    0x08000c84   0x08000c84   0x00000088   Code   RO          248    i.USART1_IRQHandler  usart.o
    0x08000d0c   0x08000d0c   0x0000001e   Code   RO          797    i.USART_ClearITPendingBit  stm32f10x_usart.o
    0x08000d2a   0x08000d2a   0x00000018   Code   RO          800    i.USART_Cmd         stm32f10x_usart.o
    0x08000d42   0x08000d42   0x00000054   Code   RO          804    i.USART_GetITStatus  stm32f10x_usart.o
    0x08000d96   0x08000d96   0x0000004a   Code   RO          806    i.USART_ITConfig    stm32f10x_usart.o
    0x08000de0   0x08000de0   0x000000d8   Code   RO          807    i.USART_Init        stm32f10x_usart.o
    0x08000eb8   0x08000eb8   0x00000004   Code   RO          109    i.UsageFault_Handler  stm32f10x_it.o
    0x08000ebc   0x08000ebc   0x0000000e   Code   RO         1585    i.__scatterload_copy  mc_w.l(handlers.o)
    0x08000eca   0x08000eca   0x00000002   Code   RO         1586    i.__scatterload_null  mc_w.l(handlers.o)
    0x08000ecc   0x08000ecc   0x0000000e   Code   RO         1587    i.__scatterload_zeroinit  mc_w.l(handlers.o)
    0x08000eda   0x08000eda   0x00000010   Code   RO          279    i.board_init        board.o
    0x08000eea   0x08000eea   0x00000002   PAD
    0x08000eec   0x08000eec   0x00000020   Code   RO          280    i.clock_init        board.o
    0x08000f0c   0x08000f0c   0x00000060   Code   RO          404    i.delay_ms          delay.o
    0x08000f6c   0x08000f6c   0x00000030   Code   RO          361    i.fifo_deQueue      fifo.o
    0x08000f9c   0x08000f9c   0x00000030   Code   RO          362    i.fifo_enQueue      fifo.o
    0x08000fcc   0x08000fcc   0x0000003c   Code   RO          364    i.fifo_queueLength  fifo.o
    0x08001008   0x08001008   0x00000190   Code   RO            6    i.main              main.o
    0x08001198   0x08001198   0x00000028   Code   RO          281    i.nvic_init         board.o
    0x080011c0   0x080011c0   0x0000003c   Code   RO          249    i.usart_SendByte    usart.o
    0x080011fc   0x080011fc   0x0000002c   Code   RO          250    i.usart_SendCmd     usart.o
    0x08001228   0x08001228   0x0000009c   Code   RO          282    i.usart_init        board.o
    0x080012c4   0x080012c4   0x00000009   Data   RO          426    .constdata          ps2.o
    0x080012cd   0x080012cd   0x00000003   PAD
    0x080012d0   0x080012d0   0x00000020   Data   RO         1583    Region$$Table       anon$$obj.o


    Execution Region RW_IRAM1 (Exec base: 0x20000000, Load base: 0x080012f0, Size: 0x000009b8, Max: 0x00005000, ABSOLUTE)

    Exec Addr    Load Addr    Size         Type   Attr      Idx    E Section Name        Object

    0x20000000   0x080012f0   0x00000002   Data   RW          252    .data               usart.o
    0x20000002   0x080012f2   0x00000002   PAD
    0x20000004   0x080012f4   0x00000014   Data   RW          331    .data               system_stm32f10x.o
    0x20000018   0x08001308   0x00000014   Data   RW          628    .data               stm32f10x_rcc.o
    0x2000002c        -       0x00000080   Zero   RW          251    .bss                usart.o
    0x200000ac        -       0x00000102   Zero   RW          366    .bss                fifo.o
    0x200001ae        -       0x00000009   Zero   RW          425    .bss                ps2.o
    0x200001b7   0x0800131c   0x00000001   PAD
    0x200001b8        -       0x00000800   Zero   RW          320    STACK               startup_stm32f10x_hd.o


==============================================================================

Image component sizes


      Code (inc. data)   RO Data    RW Data    ZI Data      Debug   Object Name

       244         12          0          0          0       2091   board.o
         0          0          0          0          0         32   core_cm3.o
        96          6          0          0          0       1007   delay.o
       176          0          0          0          0       1995   emm_v5.o
       156         14          0          0        258       2646   fifo.o
       574          4          0          0          0     258323   main.o
       132         22          0          0          0       1895   misc.o
       340         32          9          0          9       3345   ps2.o
       316          6          0          0          0       2984   servo_pwm.o
        36          8        304          0       2048        804   startup_stm32f10x_hd.o
       448          6          0          0          0       5070   stm32f10x_gpio.o
        26          0          0          0          0       4158   stm32f10x_it.o
       276         32          0         20          0       4922   stm32f10x_rcc.o
       580         72          0          0          0       6858   stm32f10x_tim.o
       428          6          0          0          0       5652   stm32f10x_usart.o
       328         28          0         20          0       2465   system_stm32f10x.o
       240         20          0          2        128       2529   usart.o

    ----------------------------------------------------------------------
      4410        268        348         44       2444     306776   Object Totals
         0          0         32          0          0          0   (incl. Generated)
        14          0          3          2          1          0   (incl. Padding)

    ----------------------------------------------------------------------

      Code (inc. data)   RO Data    RW Data    ZI Data      Debug   Library Member Name

         0          0          0          0          0          0   entry.o
         0          0          0          0          0          0   entry10a.o
         0          0          0          0          0          0   entry11a.o
         4          0          0          0          0          0   entry12b.o
         8          4          0          0          0          0   entry2.o
         4          0          0          0          0          0   entry5.o
         0          0          0          0          0          0   entry7b.o
         0          0          0          0          0          0   entry8b.o
         8          4          0          0          0          0   entry9a.o
        30          0          0          0          0          0   handlers.o
        36          8          0          0          0         68   init.o

    ----------------------------------------------------------------------
        90         16          0          0          0         68   Library Totals
         0          0          0          0          0          0   (incl. Padding)

    ----------------------------------------------------------------------

      Code (inc. data)   RO Data    RW Data    ZI Data      Debug   Library Name

        90         16          0          0          0         68   mc_w.l

    ----------------------------------------------------------------------
        90         16          0          0          0         68   Library Totals

    ----------------------------------------------------------------------

==============================================================================


      Code (inc. data)   RO Data    RW Data    ZI Data      Debug   

      4500        284        348         44       2444     303876   Grand Totals
      4500        284        348         44       2444     303876   ELF Image Totals
      4500        284        348         44          0          0   ROM Totals

==============================================================================

    Total RO  Size (Code + RO Data)                 4848 (   4.73kB)
    Total RW  Size (RW Data + ZI Data)              2488 (   2.43kB)
    Total ROM Size (Code + RO Data + RW Data)       4892 (   4.78kB)

==============================================================================

