Component: ARM Compiler 5.06 update 7 (build 960) Tool: armlink [4d3601]

==============================================================================

Section Cross References

    main.o(i.AllStop) refers to main.o(i.Motor_AllStop) for Motor_AllStop
    main.o(i.Motor_AllStop) refers to emm_v5.o(i.Emm_V5_Stop_Now) for Emm_V5_Stop_Now
    main.o(i.Motor_AllStop) refers to emm_v5.o(i.Emm_V5_Synchronous_motion_All) for Emm_V5_Synchronous_motion_All
    main.o(i.Motor_SetSignedSpeed) refers to emm_v5.o(i.Emm_V5_Vel_Control) for Emm_V5_Vel_Control
    main.o(i.Motor_SetSpeed_Batch) refers to main.o(i.Motor_SetSignedSpeed) for Motor_SetSignedSpeed
    main.o(i.Motor_SetSpeed_Batch) refers to delay.o(i.delay_ms) for delay_ms
    main.o(i.Motor_SetSpeed_Batch) refers to emm_v5.o(i.Emm_V5_Synchronous_motion_All) for Emm_V5_Synchronous_motion_All
    main.o(i.main) refers to board.o(i.board_init) for board_init
    main.o(i.main) refers to servo_pwm.o(i.Servo_PWM_Init) for Servo_PWM_Init
    main.o(i.main) refers to servo_pwm.o(i.Servo_Claw_SetPulse) for Servo_Claw_SetPulse
    main.o(i.main) refers to servo_pwm.o(i.Servo_PTZ_SetPulse) for Servo_PTZ_SetPulse
    main.o(i.main) refers to servo_pwm.o(i.Servo_Tray_SetPulse) for Servo_Tray_SetPulse
    main.o(i.main) refers to ps2.o(i.PS2_Init) for PS2_Init
    main.o(i.main) refers to package_action.o(i.Package_Init) for Package_Init
    main.o(i.main) refers to emm_v5.o(i.Emm_V5_Stop_Now) for Emm_V5_Stop_Now
    main.o(i.main) refers to delay.o(i.delay_ms) for delay_ms
    main.o(i.main) refers to emm_v5.o(i.Emm_V5_Origin_Modify_Params) for Emm_V5_Origin_Modify_Params
    main.o(i.main) refers to emm_v5.o(i.Emm_V5_Origin_Trigger_Return) for Emm_V5_Origin_Trigger_Return
    main.o(i.main) refers to emm_v5.o(i.Emm_V5_Reset_CurPos_To_Zero) for Emm_V5_Reset_CurPos_To_Zero
    main.o(i.main) refers to emm_v5.o(i.Emm_V5_Pos_Control) for Emm_V5_Pos_Control
    main.o(i.main) refers to ps2.o(i.PS2_ScanKey) for PS2_ScanKey
    main.o(i.main) refers to main.o(i.AllStop) for AllStop
    main.o(i.main) refers to package_action.o(i.Package_Stop) for Package_Stop
    main.o(i.main) refers to main.o(i.Motor_AllStop) for Motor_AllStop
    main.o(i.main) refers to main.o(i.PS2_AxisToSpeed) for PS2_AxisToSpeed
    main.o(i.main) refers to main.o(i.Motor_SetSpeed_Batch) for Motor_SetSpeed_Batch
    main.o(i.main) refers to main.o(i.LimitMotorSpeed) for LimitMotorSpeed
    main.o(i.main) refers to package_action.o(i.Package_StartNext) for Package_StartNext
    main.o(i.main) refers to package_action.o(i.Package_Tick) for Package_Tick
    emm_v5.o(i.Emm_V5_En_Control) refers to usart.o(i.usart_SendCmd) for usart_SendCmd
    emm_v5.o(i.Emm_V5_Modify_Ctrl_Mode) refers to usart.o(i.usart_SendCmd) for usart_SendCmd
    emm_v5.o(i.Emm_V5_Origin_Interrupt) refers to usart.o(i.usart_SendCmd) for usart_SendCmd
    emm_v5.o(i.Emm_V5_Origin_Modify_Params) refers to memseta.o(.text) for __aeabi_memclr4
    emm_v5.o(i.Emm_V5_Origin_Modify_Params) refers to usart.o(i.usart_SendCmd) for usart_SendCmd
    emm_v5.o(i.Emm_V5_Origin_Set_O) refers to usart.o(i.usart_SendCmd) for usart_SendCmd
    emm_v5.o(i.Emm_V5_Origin_Trigger_Return) refers to usart.o(i.usart_SendCmd) for usart_SendCmd
    emm_v5.o(i.Emm_V5_Pos_Control) refers to usart.o(i.usart_SendCmd) for usart_SendCmd
    emm_v5.o(i.Emm_V5_Read_Sys_Params) refers to usart.o(i.usart_SendCmd) for usart_SendCmd
    emm_v5.o(i.Emm_V5_Reset_Clog_Pro) refers to usart.o(i.usart_SendCmd) for usart_SendCmd
    emm_v5.o(i.Emm_V5_Reset_CurPos_To_Zero) refers to usart.o(i.usart_SendCmd) for usart_SendCmd
    emm_v5.o(i.Emm_V5_Stop_Now) refers to usart.o(i.usart_SendCmd) for usart_SendCmd
    emm_v5.o(i.Emm_V5_Synchronous_motion) refers to usart.o(i.usart_SendCmd) for usart_SendCmd
    emm_v5.o(i.Emm_V5_Synchronous_motion_All) refers to usart.o(i.usart_SendCmd) for usart_SendCmd
    emm_v5.o(i.Emm_V5_Vel_Control) refers to usart.o(i.usart_SendCmd) for usart_SendCmd
    usart.o(i.USART1_IRQHandler) refers to stm32f10x_usart.o(i.USART_GetITStatus) for USART_GetITStatus
    usart.o(i.USART1_IRQHandler) refers to fifo.o(i.fifo_enQueue) for fifo_enQueue
    usart.o(i.USART1_IRQHandler) refers to stm32f10x_usart.o(i.USART_ClearITPendingBit) for USART_ClearITPendingBit
    usart.o(i.USART1_IRQHandler) refers to fifo.o(i.fifo_queueLength) for fifo_queueLength
    usart.o(i.USART1_IRQHandler) refers to fifo.o(i.fifo_deQueue) for fifo_deQueue
    usart.o(i.USART1_IRQHandler) refers to usart.o(.data) for rxCount
    usart.o(i.USART1_IRQHandler) refers to usart.o(.bss) for rxCmd
    usart.o(i.usart_SendCmd) refers to usart.o(i.usart_SendByte) for usart_SendByte
    board.o(i.board_init) refers to board.o(i.nvic_init) for nvic_init
    board.o(i.board_init) refers to board.o(i.clock_init) for clock_init
    board.o(i.board_init) refers to board.o(i.usart_init) for usart_init
    board.o(i.clock_init) refers to stm32f10x_rcc.o(i.RCC_APB2PeriphClockCmd) for RCC_APB2PeriphClockCmd
    board.o(i.clock_init) refers to stm32f10x_gpio.o(i.GPIO_PinRemapConfig) for GPIO_PinRemapConfig
    board.o(i.nvic_init) refers to misc.o(i.NVIC_PriorityGroupConfig) for NVIC_PriorityGroupConfig
    board.o(i.nvic_init) refers to misc.o(i.NVIC_Init) for NVIC_Init
    board.o(i.usart_init) refers to stm32f10x_gpio.o(i.GPIO_Init) for GPIO_Init
    board.o(i.usart_init) refers to stm32f10x_usart.o(i.USART_Init) for USART_Init
    board.o(i.usart_init) refers to stm32f10x_usart.o(i.USART_ClearITPendingBit) for USART_ClearITPendingBit
    board.o(i.usart_init) refers to stm32f10x_usart.o(i.USART_ITConfig) for USART_ITConfig
    board.o(i.usart_init) refers to stm32f10x_usart.o(i.USART_Cmd) for USART_Cmd
    startup_stm32f10x_hd.o(RESET) refers to startup_stm32f10x_hd.o(STACK) for __initial_sp
    startup_stm32f10x_hd.o(RESET) refers to startup_stm32f10x_hd.o(.text) for Reset_Handler
    startup_stm32f10x_hd.o(RESET) refers to stm32f10x_it.o(i.NMI_Handler) for NMI_Handler
    startup_stm32f10x_hd.o(RESET) refers to stm32f10x_it.o(i.HardFault_Handler) for HardFault_Handler
    startup_stm32f10x_hd.o(RESET) refers to stm32f10x_it.o(i.MemManage_Handler) for MemManage_Handler
    startup_stm32f10x_hd.o(RESET) refers to stm32f10x_it.o(i.BusFault_Handler) for BusFault_Handler
    startup_stm32f10x_hd.o(RESET) refers to stm32f10x_it.o(i.UsageFault_Handler) for UsageFault_Handler
    startup_stm32f10x_hd.o(RESET) refers to stm32f10x_it.o(i.SVC_Handler) for SVC_Handler
    startup_stm32f10x_hd.o(RESET) refers to stm32f10x_it.o(i.DebugMon_Handler) for DebugMon_Handler
    startup_stm32f10x_hd.o(RESET) refers to stm32f10x_it.o(i.PendSV_Handler) for PendSV_Handler
    startup_stm32f10x_hd.o(RESET) refers to stm32f10x_it.o(i.SysTick_Handler) for SysTick_Handler
    startup_stm32f10x_hd.o(RESET) refers to usart.o(i.USART1_IRQHandler) for USART1_IRQHandler
    startup_stm32f10x_hd.o(.text) refers to system_stm32f10x.o(i.SystemInit) for SystemInit
    startup_stm32f10x_hd.o(.text) refers to entry.o(.ARM.Collect$$$$00000000) for __main
    system_stm32f10x.o(i.SetSysClock) refers to system_stm32f10x.o(i.SetSysClockTo72) for SetSysClockTo72
    system_stm32f10x.o(i.SystemCoreClockUpdate) refers to system_stm32f10x.o(.data) for SystemCoreClock
    system_stm32f10x.o(i.SystemInit) refers to system_stm32f10x.o(i.SetSysClock) for SetSysClock
    fifo.o(i.fifo_deQueue) refers to fifo.o(.bss) for rxFIFO
    fifo.o(i.fifo_enQueue) refers to fifo.o(.bss) for rxFIFO
    fifo.o(i.fifo_isEmpty) refers to fifo.o(.bss) for rxFIFO
    fifo.o(i.fifo_queueLength) refers to fifo.o(.bss) for rxFIFO
    fifo.o(i.initQueue) refers to fifo.o(.bss) for rxFIFO
    delay.o(i.delay_ms) refers to system_stm32f10x.o(.data) for SystemCoreClock
    ps2.o(i.PS2_DelayUs) refers to system_stm32f10x.o(.data) for SystemCoreClock
    ps2.o(i.PS2_Init) refers to stm32f10x_rcc.o(i.RCC_APB2PeriphClockCmd) for RCC_APB2PeriphClockCmd
    ps2.o(i.PS2_Init) refers to stm32f10x_gpio.o(i.GPIO_Init) for GPIO_Init
    ps2.o(i.PS2_Init) refers to stm32f10x_gpio.o(i.GPIO_SetBits) for GPIO_SetBits
    ps2.o(i.PS2_ReadWriteData) refers to stm32f10x_gpio.o(i.GPIO_SetBits) for GPIO_SetBits
    ps2.o(i.PS2_ReadWriteData) refers to stm32f10x_gpio.o(i.GPIO_ResetBits) for GPIO_ResetBits
    ps2.o(i.PS2_ReadWriteData) refers to ps2.o(i.PS2_DelayUs) for PS2_DelayUs
    ps2.o(i.PS2_ReadWriteData) refers to stm32f10x_gpio.o(i.GPIO_ReadInputDataBit) for GPIO_ReadInputDataBit
    ps2.o(i.PS2_ScanKey) refers to stm32f10x_gpio.o(i.GPIO_ResetBits) for GPIO_ResetBits
    ps2.o(i.PS2_ScanKey) refers to ps2.o(i.PS2_ReadWriteData) for PS2_ReadWriteData
    ps2.o(i.PS2_ScanKey) refers to stm32f10x_gpio.o(i.GPIO_SetBits) for GPIO_SetBits
    ps2.o(i.PS2_ScanKey) refers to ps2.o(.constdata) for ps2_cmd
    ps2.o(i.PS2_ScanKey) refers to ps2.o(.bss) for ps2_data
    servo_pwm.o(i.Servo_Claw_SetPulse) refers to stm32f10x_tim.o(i.TIM_SetCompare1) for TIM_SetCompare1
    servo_pwm.o(i.Servo_PTZ_SetPulse) refers to stm32f10x_tim.o(i.TIM_SetCompare2) for TIM_SetCompare2
    servo_pwm.o(i.Servo_PWM_Init) refers to stm32f10x_rcc.o(i.RCC_APB2PeriphClockCmd) for RCC_APB2PeriphClockCmd
    servo_pwm.o(i.Servo_PWM_Init) refers to stm32f10x_gpio.o(i.GPIO_Init) for GPIO_Init
    servo_pwm.o(i.Servo_PWM_Init) refers to stm32f10x_tim.o(i.TIM_TimeBaseInit) for TIM_TimeBaseInit
    servo_pwm.o(i.Servo_PWM_Init) refers to stm32f10x_tim.o(i.TIM_OC1Init) for TIM_OC1Init
    servo_pwm.o(i.Servo_PWM_Init) refers to stm32f10x_tim.o(i.TIM_OC1PreloadConfig) for TIM_OC1PreloadConfig
    servo_pwm.o(i.Servo_PWM_Init) refers to stm32f10x_tim.o(i.TIM_OC2Init) for TIM_OC2Init
    servo_pwm.o(i.Servo_PWM_Init) refers to stm32f10x_tim.o(i.TIM_OC2PreloadConfig) for TIM_OC2PreloadConfig
    servo_pwm.o(i.Servo_PWM_Init) refers to stm32f10x_tim.o(i.TIM_OC3Init) for TIM_OC3Init
    servo_pwm.o(i.Servo_PWM_Init) refers to stm32f10x_tim.o(i.TIM_OC3PreloadConfig) for TIM_OC3PreloadConfig
    servo_pwm.o(i.Servo_PWM_Init) refers to stm32f10x_tim.o(i.TIM_ARRPreloadConfig) for TIM_ARRPreloadConfig
    servo_pwm.o(i.Servo_PWM_Init) refers to stm32f10x_tim.o(i.TIM_CtrlPWMOutputs) for TIM_CtrlPWMOutputs
    servo_pwm.o(i.Servo_PWM_Init) refers to stm32f10x_tim.o(i.TIM_Cmd) for TIM_Cmd
    servo_pwm.o(i.Servo_Swing_Step) refers to servo_pwm.o(i.Servo_Claw_SetPulse) for Servo_Claw_SetPulse
    servo_pwm.o(i.Servo_Swing_Step) refers to servo_pwm.o(i.Servo_PTZ_SetPulse) for Servo_PTZ_SetPulse
    servo_pwm.o(i.Servo_Swing_Step) refers to servo_pwm.o(i.Servo_Tray_SetPulse) for Servo_Tray_SetPulse
    servo_pwm.o(i.Servo_Tray_SetPulse) refers to stm32f10x_tim.o(i.TIM_SetCompare3) for TIM_SetCompare3
    package_action.o(i.Package_ExecuteStep) refers to servo_pwm.o(i.Servo_Claw_SetPulse) for Servo_Claw_SetPulse
    package_action.o(i.Package_ExecuteStep) refers to servo_pwm.o(i.Servo_PTZ_SetPulse) for Servo_PTZ_SetPulse
    package_action.o(i.Package_ExecuteStep) refers to servo_pwm.o(i.Servo_Tray_SetPulse) for Servo_Tray_SetPulse
    package_action.o(i.Package_ExecuteStep) refers to emm_v5.o(i.Emm_V5_Pos_Control) for Emm_V5_Pos_Control
    package_action.o(i.Package_ExecuteStep) refers to package_action.o(.data) for g_pkg
    package_action.o(i.Package_GetCurrentIndex) refers to package_action.o(.data) for g_pkg
    package_action.o(i.Package_Init) refers to package_action.o(.data) for g_pkg
    package_action.o(i.Package_IsBusy) refers to package_action.o(.data) for g_pkg
    package_action.o(i.Package_StartNext) refers to package_action.o(.data) for g_pkg
    package_action.o(i.Package_Stop) refers to package_action.o(.data) for g_pkg
    package_action.o(i.Package_Tick) refers to package_action.o(i.Package_ExecuteStep) for Package_ExecuteStep
    package_action.o(i.Package_Tick) refers to package_action.o(.data) for g_pkg
    package_action.o(i.Package_Tick) refers to package_action.o(.constdata) for g_packages
    stm32f10x_gpio.o(i.GPIO_AFIODeInit) refers to stm32f10x_rcc.o(i.RCC_APB2PeriphResetCmd) for RCC_APB2PeriphResetCmd
    stm32f10x_gpio.o(i.GPIO_DeInit) refers to stm32f10x_rcc.o(i.RCC_APB2PeriphResetCmd) for RCC_APB2PeriphResetCmd
    stm32f10x_rcc.o(i.RCC_GetClocksFreq) refers to stm32f10x_rcc.o(.data) for APBAHBPrescTable
    stm32f10x_rcc.o(i.RCC_WaitForHSEStartUp) refers to stm32f10x_rcc.o(i.RCC_GetFlagStatus) for RCC_GetFlagStatus
    stm32f10x_usart.o(i.USART_DeInit) refers to stm32f10x_rcc.o(i.RCC_APB2PeriphResetCmd) for RCC_APB2PeriphResetCmd
    stm32f10x_usart.o(i.USART_DeInit) refers to stm32f10x_rcc.o(i.RCC_APB1PeriphResetCmd) for RCC_APB1PeriphResetCmd
    stm32f10x_usart.o(i.USART_Init) refers to stm32f10x_rcc.o(i.RCC_GetClocksFreq) for RCC_GetClocksFreq
    stm32f10x_tim.o(i.TIM_DeInit) refers to stm32f10x_rcc.o(i.RCC_APB2PeriphResetCmd) for RCC_APB2PeriphResetCmd
    stm32f10x_tim.o(i.TIM_DeInit) refers to stm32f10x_rcc.o(i.RCC_APB1PeriphResetCmd) for RCC_APB1PeriphResetCmd
    stm32f10x_tim.o(i.TIM_ETRClockMode1Config) refers to stm32f10x_tim.o(i.TIM_ETRConfig) for TIM_ETRConfig
    stm32f10x_tim.o(i.TIM_ETRClockMode2Config) refers to stm32f10x_tim.o(i.TIM_ETRConfig) for TIM_ETRConfig
    stm32f10x_tim.o(i.TIM_ICInit) refers to stm32f10x_tim.o(i.TI1_Config) for TI1_Config
    stm32f10x_tim.o(i.TIM_ICInit) refers to stm32f10x_tim.o(i.TIM_SetIC1Prescaler) for TIM_SetIC1Prescaler
    stm32f10x_tim.o(i.TIM_ICInit) refers to stm32f10x_tim.o(i.TI2_Config) for TI2_Config
    stm32f10x_tim.o(i.TIM_ICInit) refers to stm32f10x_tim.o(i.TIM_SetIC2Prescaler) for TIM_SetIC2Prescaler
    stm32f10x_tim.o(i.TIM_ICInit) refers to stm32f10x_tim.o(i.TI3_Config) for TI3_Config
    stm32f10x_tim.o(i.TIM_ICInit) refers to stm32f10x_tim.o(i.TIM_SetIC3Prescaler) for TIM_SetIC3Prescaler
    stm32f10x_tim.o(i.TIM_ICInit) refers to stm32f10x_tim.o(i.TI4_Config) for TI4_Config
    stm32f10x_tim.o(i.TIM_ICInit) refers to stm32f10x_tim.o(i.TIM_SetIC4Prescaler) for TIM_SetIC4Prescaler
    stm32f10x_tim.o(i.TIM_ITRxExternalClockConfig) refers to stm32f10x_tim.o(i.TIM_SelectInputTrigger) for TIM_SelectInputTrigger
    stm32f10x_tim.o(i.TIM_PWMIConfig) refers to stm32f10x_tim.o(i.TI1_Config) for TI1_Config
    stm32f10x_tim.o(i.TIM_PWMIConfig) refers to stm32f10x_tim.o(i.TIM_SetIC1Prescaler) for TIM_SetIC1Prescaler
    stm32f10x_tim.o(i.TIM_PWMIConfig) refers to stm32f10x_tim.o(i.TI2_Config) for TI2_Config
    stm32f10x_tim.o(i.TIM_PWMIConfig) refers to stm32f10x_tim.o(i.TIM_SetIC2Prescaler) for TIM_SetIC2Prescaler
    stm32f10x_tim.o(i.TIM_TIxExternalClockConfig) refers to stm32f10x_tim.o(i.TI2_Config) for TI2_Config
    stm32f10x_tim.o(i.TIM_TIxExternalClockConfig) refers to stm32f10x_tim.o(i.TI1_Config) for TI1_Config
    stm32f10x_tim.o(i.TIM_TIxExternalClockConfig) refers to stm32f10x_tim.o(i.TIM_SelectInputTrigger) for TIM_SelectInputTrigger
    entry.o(.ARM.Collect$$$$00000000) refers (Special) to entry10a.o(.ARM.Collect$$$$0000000F) for __rt_final_cpp
    entry.o(.ARM.Collect$$$$00000000) refers (Special) to entry11a.o(.ARM.Collect$$$$00000011) for __rt_final_exit
    entry.o(.ARM.Collect$$$$00000000) refers (Special) to entry12b.o(.ARM.Collect$$$$0000000E) for __rt_lib_shutdown_fini
    entry.o(.ARM.Collect$$$$00000000) refers (Special) to entry7b.o(.ARM.Collect$$$$00000008) for _main_clock
    entry.o(.ARM.Collect$$$$00000000) refers (Special) to entry8b.o(.ARM.Collect$$$$0000000A) for _main_cpp_init
    entry.o(.ARM.Collect$$$$00000000) refers (Special) to entry9a.o(.ARM.Collect$$$$0000000B) for _main_init
    entry.o(.ARM.Collect$$$$00000000) refers (Special) to entry5.o(.ARM.Collect$$$$00000004) for _main_scatterload
    entry.o(.ARM.Collect$$$$00000000) refers (Special) to entry2.o(.ARM.Collect$$$$00000001) for _main_stk
    entry2.o(.ARM.Collect$$$$00000001) refers to entry2.o(.ARM.Collect$$$$00002712) for __lit__00000000
    entry2.o(.ARM.Collect$$$$00002712) refers to startup_stm32f10x_hd.o(STACK) for __initial_sp
    entry2.o(__vectab_stack_and_reset_area) refers to startup_stm32f10x_hd.o(STACK) for __initial_sp
    entry2.o(__vectab_stack_and_reset_area) refers to entry.o(.ARM.Collect$$$$00000000) for __main
    entry5.o(.ARM.Collect$$$$00000004) refers to init.o(.text) for __scatterload
    entry9a.o(.ARM.Collect$$$$0000000B) refers to main.o(i.main) for main
    entry9b.o(.ARM.Collect$$$$0000000C) refers to main.o(i.main) for main
    init.o(.text) refers to entry5.o(.ARM.Collect$$$$00000004) for __main_after_scatterload


==============================================================================

Removing Unused input sections from the image.

    Removing emm_v5.o(i.Emm_V5_En_Control), (58 bytes).
    Removing emm_v5.o(i.Emm_V5_Modify_Ctrl_Mode), (58 bytes).
    Removing emm_v5.o(i.Emm_V5_Origin_Interrupt), (46 bytes).
    Removing emm_v5.o(i.Emm_V5_Origin_Set_O), (52 bytes).
    Removing emm_v5.o(i.Emm_V5_Read_Sys_Params), (262 bytes).
    Removing emm_v5.o(i.Emm_V5_Reset_Clog_Pro), (46 bytes).
    Removing emm_v5.o(i.Emm_V5_Synchronous_motion), (46 bytes).
    Removing core_cm3.o(.emb_text), (32 bytes).
    Removing startup_stm32f10x_hd.o(HEAP), (512 bytes).
    Removing system_stm32f10x.o(i.SystemCoreClockUpdate), (164 bytes).
    Removing fifo.o(i.fifo_isEmpty), (28 bytes).
    Removing fifo.o(i.initQueue), (20 bytes).
    Removing delay.o(i.delay_cnt), (10 bytes).
    Removing servo_pwm.o(i.Servo_Swing_Step), (176 bytes).
    Removing package_action.o(i.Package_GetCurrentIndex), (12 bytes).
    Removing package_action.o(i.Package_IsBusy), (12 bytes).
    Removing stm32f10x_gpio.o(i.GPIO_AFIODeInit), (20 bytes).
    Removing stm32f10x_gpio.o(i.GPIO_DeInit), (200 bytes).
    Removing stm32f10x_gpio.o(i.GPIO_ETH_MediaInterfaceConfig), (12 bytes).
    Removing stm32f10x_gpio.o(i.GPIO_EXTILineConfig), (64 bytes).
    Removing stm32f10x_gpio.o(i.GPIO_EventOutputCmd), (12 bytes).
    Removing stm32f10x_gpio.o(i.GPIO_EventOutputConfig), (32 bytes).
    Removing stm32f10x_gpio.o(i.GPIO_PinLockConfig), (18 bytes).
    Removing stm32f10x_gpio.o(i.GPIO_ReadInputData), (8 bytes).
    Removing stm32f10x_gpio.o(i.GPIO_ReadOutputData), (8 bytes).
    Removing stm32f10x_gpio.o(i.GPIO_ReadOutputDataBit), (18 bytes).
    Removing stm32f10x_gpio.o(i.GPIO_StructInit), (16 bytes).
    Removing stm32f10x_gpio.o(i.GPIO_Write), (4 bytes).
    Removing stm32f10x_gpio.o(i.GPIO_WriteBit), (10 bytes).
    Removing stm32f10x_rcc.o(i.RCC_ADCCLKConfig), (24 bytes).
    Removing stm32f10x_rcc.o(i.RCC_AHBPeriphClockCmd), (32 bytes).
    Removing stm32f10x_rcc.o(i.RCC_APB1PeriphClockCmd), (32 bytes).
    Removing stm32f10x_rcc.o(i.RCC_APB1PeriphResetCmd), (32 bytes).
    Removing stm32f10x_rcc.o(i.RCC_APB2PeriphResetCmd), (32 bytes).
    Removing stm32f10x_rcc.o(i.RCC_AdjustHSICalibrationValue), (24 bytes).
    Removing stm32f10x_rcc.o(i.RCC_BackupResetCmd), (12 bytes).
    Removing stm32f10x_rcc.o(i.RCC_ClearFlag), (20 bytes).
    Removing stm32f10x_rcc.o(i.RCC_ClearITPendingBit), (12 bytes).
    Removing stm32f10x_rcc.o(i.RCC_ClockSecuritySystemCmd), (12 bytes).
    Removing stm32f10x_rcc.o(i.RCC_DeInit), (76 bytes).
    Removing stm32f10x_rcc.o(i.RCC_GetFlagStatus), (60 bytes).
    Removing stm32f10x_rcc.o(i.RCC_GetITStatus), (24 bytes).
    Removing stm32f10x_rcc.o(i.RCC_GetSYSCLKSource), (16 bytes).
    Removing stm32f10x_rcc.o(i.RCC_HCLKConfig), (24 bytes).
    Removing stm32f10x_rcc.o(i.RCC_HSEConfig), (76 bytes).
    Removing stm32f10x_rcc.o(i.RCC_HSICmd), (12 bytes).
    Removing stm32f10x_rcc.o(i.RCC_ITConfig), (32 bytes).
    Removing stm32f10x_rcc.o(i.RCC_LSEConfig), (52 bytes).
    Removing stm32f10x_rcc.o(i.RCC_LSICmd), (12 bytes).
    Removing stm32f10x_rcc.o(i.RCC_MCOConfig), (12 bytes).
    Removing stm32f10x_rcc.o(i.RCC_PCLK1Config), (24 bytes).
    Removing stm32f10x_rcc.o(i.RCC_PCLK2Config), (24 bytes).
    Removing stm32f10x_rcc.o(i.RCC_PLLCmd), (12 bytes).
    Removing stm32f10x_rcc.o(i.RCC_PLLConfig), (28 bytes).
    Removing stm32f10x_rcc.o(i.RCC_RTCCLKCmd), (12 bytes).
    Removing stm32f10x_rcc.o(i.RCC_RTCCLKConfig), (16 bytes).
    Removing stm32f10x_rcc.o(i.RCC_SYSCLKConfig), (24 bytes).
    Removing stm32f10x_rcc.o(i.RCC_USBCLKConfig), (12 bytes).
    Removing stm32f10x_rcc.o(i.RCC_WaitForHSEStartUp), (56 bytes).
    Removing stm32f10x_usart.o(i.USART_ClearFlag), (18 bytes).
    Removing stm32f10x_usart.o(i.USART_ClockInit), (34 bytes).
    Removing stm32f10x_usart.o(i.USART_ClockStructInit), (12 bytes).
    Removing stm32f10x_usart.o(i.USART_DMACmd), (18 bytes).
    Removing stm32f10x_usart.o(i.USART_DeInit), (156 bytes).
    Removing stm32f10x_usart.o(i.USART_GetFlagStatus), (26 bytes).
    Removing stm32f10x_usart.o(i.USART_HalfDuplexCmd), (24 bytes).
    Removing stm32f10x_usart.o(i.USART_IrDACmd), (24 bytes).
    Removing stm32f10x_usart.o(i.USART_IrDAConfig), (18 bytes).
    Removing stm32f10x_usart.o(i.USART_LINBreakDetectLengthConfig), (18 bytes).
    Removing stm32f10x_usart.o(i.USART_LINCmd), (24 bytes).
    Removing stm32f10x_usart.o(i.USART_OneBitMethodCmd), (24 bytes).
    Removing stm32f10x_usart.o(i.USART_OverSampling8Cmd), (22 bytes).
    Removing stm32f10x_usart.o(i.USART_ReceiveData), (10 bytes).
    Removing stm32f10x_usart.o(i.USART_ReceiverWakeUpCmd), (24 bytes).
    Removing stm32f10x_usart.o(i.USART_SendBreak), (10 bytes).
    Removing stm32f10x_usart.o(i.USART_SendData), (8 bytes).
    Removing stm32f10x_usart.o(i.USART_SetAddress), (18 bytes).
    Removing stm32f10x_usart.o(i.USART_SetGuardTime), (16 bytes).
    Removing stm32f10x_usart.o(i.USART_SetPrescaler), (16 bytes).
    Removing stm32f10x_usart.o(i.USART_SmartCardCmd), (24 bytes).
    Removing stm32f10x_usart.o(i.USART_SmartCardNACKCmd), (24 bytes).
    Removing stm32f10x_usart.o(i.USART_StructInit), (24 bytes).
    Removing stm32f10x_usart.o(i.USART_WakeUpConfig), (18 bytes).
    Removing stm32f10x_tim.o(i.TI1_Config), (128 bytes).
    Removing stm32f10x_tim.o(i.TI2_Config), (152 bytes).
    Removing stm32f10x_tim.o(i.TI3_Config), (144 bytes).
    Removing stm32f10x_tim.o(i.TI4_Config), (152 bytes).
    Removing stm32f10x_tim.o(i.TIM_BDTRConfig), (32 bytes).
    Removing stm32f10x_tim.o(i.TIM_BDTRStructInit), (18 bytes).
    Removing stm32f10x_tim.o(i.TIM_CCPreloadControl), (24 bytes).
    Removing stm32f10x_tim.o(i.TIM_CCxCmd), (30 bytes).
    Removing stm32f10x_tim.o(i.TIM_CCxNCmd), (30 bytes).
    Removing stm32f10x_tim.o(i.TIM_ClearFlag), (6 bytes).
    Removing stm32f10x_tim.o(i.TIM_ClearITPendingBit), (6 bytes).
    Removing stm32f10x_tim.o(i.TIM_ClearOC1Ref), (18 bytes).
    Removing stm32f10x_tim.o(i.TIM_ClearOC2Ref), (24 bytes).
    Removing stm32f10x_tim.o(i.TIM_ClearOC3Ref), (18 bytes).
    Removing stm32f10x_tim.o(i.TIM_ClearOC4Ref), (24 bytes).
    Removing stm32f10x_tim.o(i.TIM_CounterModeConfig), (18 bytes).
    Removing stm32f10x_tim.o(i.TIM_DMACmd), (18 bytes).
    Removing stm32f10x_tim.o(i.TIM_DMAConfig), (10 bytes).
    Removing stm32f10x_tim.o(i.TIM_DeInit), (488 bytes).
    Removing stm32f10x_tim.o(i.TIM_ETRClockMode1Config), (54 bytes).
    Removing stm32f10x_tim.o(i.TIM_ETRClockMode2Config), (32 bytes).
    Removing stm32f10x_tim.o(i.TIM_ETRConfig), (28 bytes).
    Removing stm32f10x_tim.o(i.TIM_EncoderInterfaceConfig), (66 bytes).
    Removing stm32f10x_tim.o(i.TIM_ForcedOC1Config), (18 bytes).
    Removing stm32f10x_tim.o(i.TIM_ForcedOC2Config), (26 bytes).
    Removing stm32f10x_tim.o(i.TIM_ForcedOC3Config), (18 bytes).
    Removing stm32f10x_tim.o(i.TIM_ForcedOC4Config), (26 bytes).
    Removing stm32f10x_tim.o(i.TIM_GenerateEvent), (4 bytes).
    Removing stm32f10x_tim.o(i.TIM_GetCapture1), (6 bytes).
    Removing stm32f10x_tim.o(i.TIM_GetCapture2), (6 bytes).
    Removing stm32f10x_tim.o(i.TIM_GetCapture3), (6 bytes).
    Removing stm32f10x_tim.o(i.TIM_GetCapture4), (8 bytes).
    Removing stm32f10x_tim.o(i.TIM_GetCounter), (6 bytes).
    Removing stm32f10x_tim.o(i.TIM_GetFlagStatus), (18 bytes).
    Removing stm32f10x_tim.o(i.TIM_GetITStatus), (34 bytes).
    Removing stm32f10x_tim.o(i.TIM_GetPrescaler), (6 bytes).
    Removing stm32f10x_tim.o(i.TIM_ICInit), (172 bytes).
    Removing stm32f10x_tim.o(i.TIM_ICStructInit), (18 bytes).
    Removing stm32f10x_tim.o(i.TIM_ITConfig), (18 bytes).
    Removing stm32f10x_tim.o(i.TIM_ITRxExternalClockConfig), (24 bytes).
    Removing stm32f10x_tim.o(i.TIM_InternalClockConfig), (12 bytes).
    Removing stm32f10x_tim.o(i.TIM_OC1FastConfig), (18 bytes).
    Removing stm32f10x_tim.o(i.TIM_OC1NPolarityConfig), (18 bytes).
    Removing stm32f10x_tim.o(i.TIM_OC1PolarityConfig), (18 bytes).
    Removing stm32f10x_tim.o(i.TIM_OC2FastConfig), (26 bytes).
    Removing stm32f10x_tim.o(i.TIM_OC2NPolarityConfig), (26 bytes).
    Removing stm32f10x_tim.o(i.TIM_OC2PolarityConfig), (26 bytes).
    Removing stm32f10x_tim.o(i.TIM_OC3FastConfig), (18 bytes).
    Removing stm32f10x_tim.o(i.TIM_OC3NPolarityConfig), (26 bytes).
    Removing stm32f10x_tim.o(i.TIM_OC3PolarityConfig), (26 bytes).
    Removing stm32f10x_tim.o(i.TIM_OC4FastConfig), (26 bytes).
    Removing stm32f10x_tim.o(i.TIM_OC4Init), (124 bytes).
    Removing stm32f10x_tim.o(i.TIM_OC4PolarityConfig), (26 bytes).
    Removing stm32f10x_tim.o(i.TIM_OC4PreloadConfig), (26 bytes).
    Removing stm32f10x_tim.o(i.TIM_OCStructInit), (20 bytes).
    Removing stm32f10x_tim.o(i.TIM_PWMIConfig), (124 bytes).
    Removing stm32f10x_tim.o(i.TIM_PrescalerConfig), (6 bytes).
    Removing stm32f10x_tim.o(i.TIM_SelectCCDMA), (24 bytes).
    Removing stm32f10x_tim.o(i.TIM_SelectCOM), (24 bytes).
    Removing stm32f10x_tim.o(i.TIM_SelectHallSensor), (24 bytes).
    Removing stm32f10x_tim.o(i.TIM_SelectInputTrigger), (18 bytes).
    Removing stm32f10x_tim.o(i.TIM_SelectMasterSlaveMode), (18 bytes).
    Removing stm32f10x_tim.o(i.TIM_SelectOCxM), (82 bytes).
    Removing stm32f10x_tim.o(i.TIM_SelectOnePulseMode), (18 bytes).
    Removing stm32f10x_tim.o(i.TIM_SelectOutputTrigger), (18 bytes).
    Removing stm32f10x_tim.o(i.TIM_SelectSlaveMode), (18 bytes).
    Removing stm32f10x_tim.o(i.TIM_SetAutoreload), (4 bytes).
    Removing stm32f10x_tim.o(i.TIM_SetClockDivision), (18 bytes).
    Removing stm32f10x_tim.o(i.TIM_SetCompare4), (6 bytes).
    Removing stm32f10x_tim.o(i.TIM_SetCounter), (4 bytes).
    Removing stm32f10x_tim.o(i.TIM_SetIC1Prescaler), (18 bytes).
    Removing stm32f10x_tim.o(i.TIM_SetIC2Prescaler), (26 bytes).
    Removing stm32f10x_tim.o(i.TIM_SetIC3Prescaler), (18 bytes).
    Removing stm32f10x_tim.o(i.TIM_SetIC4Prescaler), (26 bytes).
    Removing stm32f10x_tim.o(i.TIM_TIxExternalClockConfig), (62 bytes).
    Removing stm32f10x_tim.o(i.TIM_TimeBaseStructInit), (18 bytes).
    Removing stm32f10x_tim.o(i.TIM_UpdateDisableConfig), (24 bytes).
    Removing stm32f10x_tim.o(i.TIM_UpdateRequestConfig), (24 bytes).
    Removing misc.o(i.NVIC_SetVectorTable), (20 bytes).
    Removing misc.o(i.NVIC_SystemLPConfig), (32 bytes).
    Removing misc.o(i.SysTick_CLKSourceConfig), (40 bytes).

164 unused section(s) (total 6486 bytes) removed from the image.

==============================================================================

Image Symbol Table

    Local Symbols

    Symbol Name                              Value     Ov Type        Size  Object(Section)

    ../clib/microlib/init/entry.s            0x00000000   Number         0  entry9a.o ABSOLUTE
    ../clib/microlib/init/entry.s            0x00000000   Number         0  entry9b.o ABSOLUTE
    ../clib/microlib/init/entry.s            0x00000000   Number         0  entry.o ABSOLUTE
    ../clib/microlib/init/entry.s            0x00000000   Number         0  entry12b.o ABSOLUTE
    ../clib/microlib/init/entry.s            0x00000000   Number         0  entry12a.o ABSOLUTE
    ../clib/microlib/init/entry.s            0x00000000   Number         0  entry7b.o ABSOLUTE
    ../clib/microlib/init/entry.s            0x00000000   Number         0  entry7a.o ABSOLUTE
    ../clib/microlib/init/entry.s            0x00000000   Number         0  entry11b.o ABSOLUTE
    ../clib/microlib/init/entry.s            0x00000000   Number         0  entry5.o ABSOLUTE
    ../clib/microlib/init/entry.s            0x00000000   Number         0  entry11a.o ABSOLUTE
    ../clib/microlib/init/entry.s            0x00000000   Number         0  entry10b.o ABSOLUTE
    ../clib/microlib/init/entry.s            0x00000000   Number         0  entry2.o ABSOLUTE
    ../clib/microlib/init/entry.s            0x00000000   Number         0  entry10a.o ABSOLUTE
    ../clib/microlib/init/entry.s            0x00000000   Number         0  entry8b.o ABSOLUTE
    ../clib/microlib/init/entry.s            0x00000000   Number         0  entry8a.o ABSOLUTE
    ../clib/microlib/string/memset.c         0x00000000   Number         0  memseta.o ABSOLUTE
    ..\APP\main.c                            0x00000000   Number         0  main.o ABSOLUTE
    ..\APP\stm32f10x_it.c                    0x00000000   Number         0  stm32f10x_it.o ABSOLUTE
    ..\BSP\Emm_V5.c                          0x00000000   Number         0  emm_v5.o ABSOLUTE
    ..\BSP\board.c                           0x00000000   Number         0  board.o ABSOLUTE
    ..\BSP\usart.c                           0x00000000   Number         0  usart.o ABSOLUTE
    ..\CMSIS\core_cm3.c                      0x00000000   Number         0  core_cm3.o ABSOLUTE
    ..\CMSIS\startup_stm32f10x_hd.s          0x00000000   Number         0  startup_stm32f10x_hd.o ABSOLUTE
    ..\CMSIS\system_stm32f10x.c              0x00000000   Number         0  system_stm32f10x.o ABSOLUTE
    ..\DRIVERS\delay.c                       0x00000000   Number         0  delay.o ABSOLUTE
    ..\DRIVERS\fifo.c                        0x00000000   Number         0  fifo.o ABSOLUTE
    ..\DRIVERS\package_action.c              0x00000000   Number         0  package_action.o ABSOLUTE
    ..\DRIVERS\ps2.c                         0x00000000   Number         0  ps2.o ABSOLUTE
    ..\DRIVERS\servo_pwm.c                   0x00000000   Number         0  servo_pwm.o ABSOLUTE
    ..\LIB\STM32F10x_StdPeriph_Lib_V3.5.0\src\misc.c 0x00000000   Number         0  misc.o ABSOLUTE
    ..\LIB\STM32F10x_StdPeriph_Lib_V3.5.0\src\stm32f10x_gpio.c 0x00000000   Number         0  stm32f10x_gpio.o ABSOLUTE
    ..\LIB\STM32F10x_StdPeriph_Lib_V3.5.0\src\stm32f10x_rcc.c 0x00000000   Number         0  stm32f10x_rcc.o ABSOLUTE
    ..\LIB\STM32F10x_StdPeriph_Lib_V3.5.0\src\stm32f10x_tim.c 0x00000000   Number         0  stm32f10x_tim.o ABSOLUTE
    ..\LIB\STM32F10x_StdPeriph_Lib_V3.5.0\src\stm32f10x_usart.c 0x00000000   Number         0  stm32f10x_usart.o ABSOLUTE
    ..\\CMSIS\\core_cm3.c                    0x00000000   Number         0  core_cm3.o ABSOLUTE
    dc.s                                     0x00000000   Number         0  dc.o ABSOLUTE
    handlers.s                               0x00000000   Number         0  handlers.o ABSOLUTE
    init.s                                   0x00000000   Number         0  init.o ABSOLUTE
    RESET                                    0x08000000   Section      304  startup_stm32f10x_hd.o(RESET)
    .ARM.Collect$$$$00000000                 0x08000130   Section        0  entry.o(.ARM.Collect$$$$00000000)
    .ARM.Collect$$$$00000001                 0x08000130   Section        4  entry2.o(.ARM.Collect$$$$00000001)
    .ARM.Collect$$$$00000004                 0x08000134   Section        4  entry5.o(.ARM.Collect$$$$00000004)
    .ARM.Collect$$$$00000008                 0x08000138   Section        0  entry7b.o(.ARM.Collect$$$$00000008)
    .ARM.Collect$$$$0000000A                 0x08000138   Section        0  entry8b.o(.ARM.Collect$$$$0000000A)
    .ARM.Collect$$$$0000000B                 0x08000138   Section        8  entry9a.o(.ARM.Collect$$$$0000000B)
    .ARM.Collect$$$$0000000E                 0x08000140   Section        4  entry12b.o(.ARM.Collect$$$$0000000E)
    .ARM.Collect$$$$0000000F                 0x08000144   Section        0  entry10a.o(.ARM.Collect$$$$0000000F)
    .ARM.Collect$$$$00000011                 0x08000144   Section        0  entry11a.o(.ARM.Collect$$$$00000011)
    .ARM.Collect$$$$00002712                 0x08000144   Section        4  entry2.o(.ARM.Collect$$$$00002712)
    __lit__00000000                          0x08000144   Data           4  entry2.o(.ARM.Collect$$$$00002712)
    .text                                    0x08000148   Section       36  startup_stm32f10x_hd.o(.text)
    .text                                    0x0800016c   Section        0  memseta.o(.text)
    .text                                    0x08000190   Section       36  init.o(.text)
    i.AllStop                                0x080001b4   Section        0  main.o(i.AllStop)
    AllStop                                  0x080001b5   Thumb Code    12  main.o(i.AllStop)
    i.BusFault_Handler                       0x080001c0   Section        0  stm32f10x_it.o(i.BusFault_Handler)
    i.DebugMon_Handler                       0x080001c4   Section        0  stm32f10x_it.o(i.DebugMon_Handler)
    i.Emm_V5_Origin_Modify_Params            0x080001c6   Section        0  emm_v5.o(i.Emm_V5_Origin_Modify_Params)
    i.Emm_V5_Origin_Trigger_Return           0x08000270   Section        0  emm_v5.o(i.Emm_V5_Origin_Trigger_Return)
    i.Emm_V5_Pos_Control                     0x080002a4   Section        0  emm_v5.o(i.Emm_V5_Pos_Control)
    i.Emm_V5_Reset_CurPos_To_Zero            0x08000310   Section        0  emm_v5.o(i.Emm_V5_Reset_CurPos_To_Zero)
    i.Emm_V5_Stop_Now                        0x0800033e   Section        0  emm_v5.o(i.Emm_V5_Stop_Now)
    i.Emm_V5_Synchronous_motion_All          0x08000372   Section        0  emm_v5.o(i.Emm_V5_Synchronous_motion_All)
    i.Emm_V5_Vel_Control                     0x0800039e   Section        0  emm_v5.o(i.Emm_V5_Vel_Control)
    i.GPIO_Init                              0x080003ec   Section        0  stm32f10x_gpio.o(i.GPIO_Init)
    i.GPIO_PinRemapConfig                    0x08000504   Section        0  stm32f10x_gpio.o(i.GPIO_PinRemapConfig)
    i.GPIO_ReadInputDataBit                  0x08000594   Section        0  stm32f10x_gpio.o(i.GPIO_ReadInputDataBit)
    i.GPIO_ResetBits                         0x080005a6   Section        0  stm32f10x_gpio.o(i.GPIO_ResetBits)
    i.GPIO_SetBits                           0x080005aa   Section        0  stm32f10x_gpio.o(i.GPIO_SetBits)
    i.HardFault_Handler                      0x080005ae   Section        0  stm32f10x_it.o(i.HardFault_Handler)
    i.LimitMotorSpeed                        0x080005b2   Section        0  main.o(i.LimitMotorSpeed)
    LimitMotorSpeed                          0x080005b3   Thumb Code    26  main.o(i.LimitMotorSpeed)
    i.MemManage_Handler                      0x080005cc   Section        0  stm32f10x_it.o(i.MemManage_Handler)
    i.Motor_AllStop                          0x080005d0   Section        0  main.o(i.Motor_AllStop)
    Motor_AllStop                            0x080005d1   Thumb Code    30  main.o(i.Motor_AllStop)
    i.Motor_SetSignedSpeed                   0x080005ee   Section        0  main.o(i.Motor_SetSignedSpeed)
    Motor_SetSignedSpeed                     0x080005ef   Thumb Code    52  main.o(i.Motor_SetSignedSpeed)
    i.Motor_SetSpeed_Batch                   0x08000622   Section        0  main.o(i.Motor_SetSpeed_Batch)
    Motor_SetSpeed_Batch                     0x08000623   Thumb Code    88  main.o(i.Motor_SetSpeed_Batch)
    i.NMI_Handler                            0x0800067a   Section        0  stm32f10x_it.o(i.NMI_Handler)
    i.NVIC_Init                              0x0800067c   Section        0  misc.o(i.NVIC_Init)
    i.NVIC_PriorityGroupConfig               0x080006ec   Section        0  misc.o(i.NVIC_PriorityGroupConfig)
    i.PS2_AxisToSpeed                        0x08000700   Section        0  main.o(i.PS2_AxisToSpeed)
    PS2_AxisToSpeed                          0x08000701   Thumb Code    46  main.o(i.PS2_AxisToSpeed)
    i.PS2_DelayUs                            0x08000730   Section        0  ps2.o(i.PS2_DelayUs)
    PS2_DelayUs                              0x08000731   Thumb Code    42  ps2.o(i.PS2_DelayUs)
    i.PS2_Init                               0x08000764   Section        0  ps2.o(i.PS2_Init)
    i.PS2_ReadWriteData                      0x080007c0   Section        0  ps2.o(i.PS2_ReadWriteData)
    PS2_ReadWriteData                        0x080007c1   Thumb Code    86  ps2.o(i.PS2_ReadWriteData)
    i.PS2_ScanKey                            0x0800081c   Section        0  ps2.o(i.PS2_ScanKey)
    i.Package_ExecuteStep                    0x08000884   Section        0  package_action.o(i.Package_ExecuteStep)
    Package_ExecuteStep                      0x08000885   Thumb Code   102  package_action.o(i.Package_ExecuteStep)
    i.Package_Init                           0x080008f0   Section        0  package_action.o(i.Package_Init)
    i.Package_StartNext                      0x08000908   Section        0  package_action.o(i.Package_StartNext)
    i.Package_Stop                           0x08000938   Section        0  package_action.o(i.Package_Stop)
    i.Package_Tick                           0x08000948   Section        0  package_action.o(i.Package_Tick)
    i.PendSV_Handler                         0x08000a64   Section        0  stm32f10x_it.o(i.PendSV_Handler)
    i.RCC_APB2PeriphClockCmd                 0x08000a68   Section        0  stm32f10x_rcc.o(i.RCC_APB2PeriphClockCmd)
    i.RCC_GetClocksFreq                      0x08000a88   Section        0  stm32f10x_rcc.o(i.RCC_GetClocksFreq)
    i.SVC_Handler                            0x08000b5c   Section        0  stm32f10x_it.o(i.SVC_Handler)
    i.Servo_Claw_SetPulse                    0x08000b60   Section        0  servo_pwm.o(i.Servo_Claw_SetPulse)
    i.Servo_PTZ_SetPulse                     0x08000b74   Section        0  servo_pwm.o(i.Servo_PTZ_SetPulse)
    i.Servo_PWM_Init                         0x08000b88   Section        0  servo_pwm.o(i.Servo_PWM_Init)
    i.Servo_Tray_SetPulse                    0x08000c48   Section        0  servo_pwm.o(i.Servo_Tray_SetPulse)
    i.SetSysClock                            0x08000c5c   Section        0  system_stm32f10x.o(i.SetSysClock)
    SetSysClock                              0x08000c5d   Thumb Code     8  system_stm32f10x.o(i.SetSysClock)
    i.SetSysClockTo72                        0x08000c64   Section        0  system_stm32f10x.o(i.SetSysClockTo72)
    SetSysClockTo72                          0x08000c65   Thumb Code   214  system_stm32f10x.o(i.SetSysClockTo72)
    i.SysTick_Handler                        0x08000d44   Section        0  stm32f10x_it.o(i.SysTick_Handler)
    i.SystemInit                             0x08000d48   Section        0  system_stm32f10x.o(i.SystemInit)
    i.TIM_ARRPreloadConfig                   0x08000da8   Section        0  stm32f10x_tim.o(i.TIM_ARRPreloadConfig)
    i.TIM_Cmd                                0x08000dc0   Section        0  stm32f10x_tim.o(i.TIM_Cmd)
    i.TIM_CtrlPWMOutputs                     0x08000dd8   Section        0  stm32f10x_tim.o(i.TIM_CtrlPWMOutputs)
    i.TIM_OC1Init                            0x08000df8   Section        0  stm32f10x_tim.o(i.TIM_OC1Init)
    i.TIM_OC1PreloadConfig                   0x08000e90   Section        0  stm32f10x_tim.o(i.TIM_OC1PreloadConfig)
    i.TIM_OC2Init                            0x08000ea4   Section        0  stm32f10x_tim.o(i.TIM_OC2Init)
    i.TIM_OC2PreloadConfig                   0x08000f48   Section        0  stm32f10x_tim.o(i.TIM_OC2PreloadConfig)
    i.TIM_OC3Init                            0x08000f64   Section        0  stm32f10x_tim.o(i.TIM_OC3Init)
    i.TIM_OC3PreloadConfig                   0x08001004   Section        0  stm32f10x_tim.o(i.TIM_OC3PreloadConfig)
    i.TIM_SetCompare1                        0x08001016   Section        0  stm32f10x_tim.o(i.TIM_SetCompare1)
    i.TIM_SetCompare2                        0x0800101a   Section        0  stm32f10x_tim.o(i.TIM_SetCompare2)
    i.TIM_SetCompare3                        0x0800101e   Section        0  stm32f10x_tim.o(i.TIM_SetCompare3)
    i.TIM_TimeBaseInit                       0x08001024   Section        0  stm32f10x_tim.o(i.TIM_TimeBaseInit)
    i.USART1_IRQHandler                      0x080010c8   Section        0  usart.o(i.USART1_IRQHandler)
    i.USART_ClearITPendingBit                0x08001150   Section        0  stm32f10x_usart.o(i.USART_ClearITPendingBit)
    i.USART_Cmd                              0x0800116e   Section        0  stm32f10x_usart.o(i.USART_Cmd)
    i.USART_GetITStatus                      0x08001186   Section        0  stm32f10x_usart.o(i.USART_GetITStatus)
    i.USART_ITConfig                         0x080011da   Section        0  stm32f10x_usart.o(i.USART_ITConfig)
    i.USART_Init                             0x08001224   Section        0  stm32f10x_usart.o(i.USART_Init)
    i.UsageFault_Handler                     0x080012fc   Section        0  stm32f10x_it.o(i.UsageFault_Handler)
    i.__scatterload_copy                     0x08001300   Section       14  handlers.o(i.__scatterload_copy)
    i.__scatterload_null                     0x0800130e   Section        2  handlers.o(i.__scatterload_null)
    i.__scatterload_zeroinit                 0x08001310   Section       14  handlers.o(i.__scatterload_zeroinit)
    i.board_init                             0x0800131e   Section        0  board.o(i.board_init)
    i.clock_init                             0x08001330   Section        0  board.o(i.clock_init)
    i.delay_ms                               0x08001350   Section        0  delay.o(i.delay_ms)
    i.fifo_deQueue                           0x080013b0   Section        0  fifo.o(i.fifo_deQueue)
    i.fifo_enQueue                           0x080013e0   Section        0  fifo.o(i.fifo_enQueue)
    i.fifo_queueLength                       0x08001410   Section        0  fifo.o(i.fifo_queueLength)
    i.main                                   0x0800144c   Section        0  main.o(i.main)
    i.nvic_init                              0x08001680   Section        0  board.o(i.nvic_init)
    i.usart_SendByte                         0x080016a8   Section        0  usart.o(i.usart_SendByte)
    i.usart_SendCmd                          0x080016e4   Section        0  usart.o(i.usart_SendCmd)
    i.usart_init                             0x08001710   Section        0  board.o(i.usart_init)
    .constdata                               0x080017ac   Section        9  ps2.o(.constdata)
    ps2_cmd                                  0x080017ac   Data           9  ps2.o(.constdata)
    .constdata                               0x080017b8   Section     1184  package_action.o(.constdata)
    g_steps_pkg0                             0x080017b8   Data         144  package_action.o(.constdata)
    g_steps_pkg1                             0x08001848   Data         144  package_action.o(.constdata)
    g_steps_pkg2                             0x080018d8   Data         144  package_action.o(.constdata)
    g_steps_pkg3                             0x08001968   Data         128  package_action.o(.constdata)
    g_steps_pkg4                             0x080019e8   Data         144  package_action.o(.constdata)
    g_steps_pkg5                             0x08001a78   Data         144  package_action.o(.constdata)
    g_steps_pkg6                             0x08001b08   Data         144  package_action.o(.constdata)
    g_steps_pkg7                             0x08001b98   Data         128  package_action.o(.constdata)
    g_packages                               0x08001c18   Data          64  package_action.o(.constdata)
    .data                                    0x20000000   Section        2  usart.o(.data)
    .data                                    0x20000004   Section       20  system_stm32f10x.o(.data)
    .data                                    0x20000018   Section        8  package_action.o(.data)
    g_pkg                                    0x20000018   Data           8  package_action.o(.data)
    .data                                    0x20000020   Section       20  stm32f10x_rcc.o(.data)
    APBAHBPrescTable                         0x20000020   Data          16  stm32f10x_rcc.o(.data)
    ADCPrescTable                            0x20000030   Data           4  stm32f10x_rcc.o(.data)
    .bss                                     0x20000034   Section      128  usart.o(.bss)
    .bss                                     0x200000b4   Section      258  fifo.o(.bss)
    .bss                                     0x200001b6   Section        9  ps2.o(.bss)
    ps2_data                                 0x200001b6   Data           9  ps2.o(.bss)
    STACK                                    0x200001c0   Section     2048  startup_stm32f10x_hd.o(STACK)

    Global Symbols

    Symbol Name                              Value     Ov Type        Size  Object(Section)

    BuildAttributes$$THM_ISAv4$P$D$K$B$S$PE$A:L22UL41UL21$X:L11$S22US41US21$IEEE1$IW$USESV6$~STKCKD$USESV7$~SHL$OSPACE$EBA8$MICROLIB$REQ8$PRES8$EABIv2 0x00000000   Number         0  anon$$obj.o ABSOLUTE
    __ARM_use_no_argv                        0x00000000   Number         0  main.o ABSOLUTE
    __arm_fini_                               - Undefined Weak Reference
    __cpp_initialize__aeabi_                  - Undefined Weak Reference
    __cxa_finalize                            - Undefined Weak Reference
    __decompress                              - Undefined Weak Reference
    _clock_init                               - Undefined Weak Reference
    _microlib_exit                            - Undefined Weak Reference
    __Vectors_Size                           0x00000130   Number         0  startup_stm32f10x_hd.o ABSOLUTE
    __Vectors                                0x08000000   Data           4  startup_stm32f10x_hd.o(RESET)
    __Vectors_End                            0x08000130   Data           0  startup_stm32f10x_hd.o(RESET)
    __main                                   0x08000131   Thumb Code     0  entry.o(.ARM.Collect$$$$00000000)
    _main_stk                                0x08000131   Thumb Code     0  entry2.o(.ARM.Collect$$$$00000001)
    _main_scatterload                        0x08000135   Thumb Code     0  entry5.o(.ARM.Collect$$$$00000004)
    __main_after_scatterload                 0x08000139   Thumb Code     0  entry5.o(.ARM.Collect$$$$00000004)
    _main_clock                              0x08000139   Thumb Code     0  entry7b.o(.ARM.Collect$$$$00000008)
    _main_cpp_init                           0x08000139   Thumb Code     0  entry8b.o(.ARM.Collect$$$$0000000A)
    _main_init                               0x08000139   Thumb Code     0  entry9a.o(.ARM.Collect$$$$0000000B)
    __rt_lib_shutdown_fini                   0x08000141   Thumb Code     0  entry12b.o(.ARM.Collect$$$$0000000E)
    __rt_final_cpp                           0x08000145   Thumb Code     0  entry10a.o(.ARM.Collect$$$$0000000F)
    __rt_final_exit                          0x08000145   Thumb Code     0  entry11a.o(.ARM.Collect$$$$00000011)
    Reset_Handler                            0x08000149   Thumb Code     8  startup_stm32f10x_hd.o(.text)
    ADC1_2_IRQHandler                        0x08000163   Thumb Code     0  startup_stm32f10x_hd.o(.text)
    ADC3_IRQHandler                          0x08000163   Thumb Code     0  startup_stm32f10x_hd.o(.text)
    CAN1_RX1_IRQHandler                      0x08000163   Thumb Code     0  startup_stm32f10x_hd.o(.text)
    CAN1_SCE_IRQHandler                      0x08000163   Thumb Code     0  startup_stm32f10x_hd.o(.text)
    DMA1_Channel1_IRQHandler                 0x08000163   Thumb Code     0  startup_stm32f10x_hd.o(.text)
    DMA1_Channel2_IRQHandler                 0x08000163   Thumb Code     0  startup_stm32f10x_hd.o(.text)
    DMA1_Channel3_IRQHandler                 0x08000163   Thumb Code     0  startup_stm32f10x_hd.o(.text)
    DMA1_Channel4_IRQHandler                 0x08000163   Thumb Code     0  startup_stm32f10x_hd.o(.text)
    DMA1_Channel5_IRQHandler                 0x08000163   Thumb Code     0  startup_stm32f10x_hd.o(.text)
    DMA1_Channel6_IRQHandler                 0x08000163   Thumb Code     0  startup_stm32f10x_hd.o(.text)
    DMA1_Channel7_IRQHandler                 0x08000163   Thumb Code     0  startup_stm32f10x_hd.o(.text)
    DMA2_Channel1_IRQHandler                 0x08000163   Thumb Code     0  startup_stm32f10x_hd.o(.text)
    DMA2_Channel2_IRQHandler                 0x08000163   Thumb Code     0  startup_stm32f10x_hd.o(.text)
    DMA2_Channel3_IRQHandler                 0x08000163   Thumb Code     0  startup_stm32f10x_hd.o(.text)
    DMA2_Channel4_5_IRQHandler               0x08000163   Thumb Code     0  startup_stm32f10x_hd.o(.text)
    EXTI0_IRQHandler                         0x08000163   Thumb Code     0  startup_stm32f10x_hd.o(.text)
    EXTI15_10_IRQHandler                     0x08000163   Thumb Code     0  startup_stm32f10x_hd.o(.text)
    EXTI1_IRQHandler                         0x08000163   Thumb Code     0  startup_stm32f10x_hd.o(.text)
    EXTI2_IRQHandler                         0x08000163   Thumb Code     0  startup_stm32f10x_hd.o(.text)
    EXTI3_IRQHandler                         0x08000163   Thumb Code     0  startup_stm32f10x_hd.o(.text)
    EXTI4_IRQHandler                         0x08000163   Thumb Code     0  startup_stm32f10x_hd.o(.text)
    EXTI9_5_IRQHandler                       0x08000163   Thumb Code     0  startup_stm32f10x_hd.o(.text)
    FLASH_IRQHandler                         0x08000163   Thumb Code     0  startup_stm32f10x_hd.o(.text)
    FSMC_IRQHandler                          0x08000163   Thumb Code     0  startup_stm32f10x_hd.o(.text)
    I2C1_ER_IRQHandler                       0x08000163   Thumb Code     0  startup_stm32f10x_hd.o(.text)
    I2C1_EV_IRQHandler                       0x08000163   Thumb Code     0  startup_stm32f10x_hd.o(.text)
    I2C2_ER_IRQHandler                       0x08000163   Thumb Code     0  startup_stm32f10x_hd.o(.text)
    I2C2_EV_IRQHandler                       0x08000163   Thumb Code     0  startup_stm32f10x_hd.o(.text)
    PVD_IRQHandler                           0x08000163   Thumb Code     0  startup_stm32f10x_hd.o(.text)
    RCC_IRQHandler                           0x08000163   Thumb Code     0  startup_stm32f10x_hd.o(.text)
    RTCAlarm_IRQHandler                      0x08000163   Thumb Code     0  startup_stm32f10x_hd.o(.text)
    RTC_IRQHandler                           0x08000163   Thumb Code     0  startup_stm32f10x_hd.o(.text)
    SDIO_IRQHandler                          0x08000163   Thumb Code     0  startup_stm32f10x_hd.o(.text)
    SPI1_IRQHandler                          0x08000163   Thumb Code     0  startup_stm32f10x_hd.o(.text)
    SPI2_IRQHandler                          0x08000163   Thumb Code     0  startup_stm32f10x_hd.o(.text)
    SPI3_IRQHandler                          0x08000163   Thumb Code     0  startup_stm32f10x_hd.o(.text)
    TAMPER_IRQHandler                        0x08000163   Thumb Code     0  startup_stm32f10x_hd.o(.text)
    TIM1_BRK_IRQHandler                      0x08000163   Thumb Code     0  startup_stm32f10x_hd.o(.text)
    TIM1_CC_IRQHandler                       0x08000163   Thumb Code     0  startup_stm32f10x_hd.o(.text)
    TIM1_TRG_COM_IRQHandler                  0x08000163   Thumb Code     0  startup_stm32f10x_hd.o(.text)
    TIM1_UP_IRQHandler                       0x08000163   Thumb Code     0  startup_stm32f10x_hd.o(.text)
    TIM2_IRQHandler                          0x08000163   Thumb Code     0  startup_stm32f10x_hd.o(.text)
    TIM3_IRQHandler                          0x08000163   Thumb Code     0  startup_stm32f10x_hd.o(.text)
    TIM4_IRQHandler                          0x08000163   Thumb Code     0  startup_stm32f10x_hd.o(.text)
    TIM5_IRQHandler                          0x08000163   Thumb Code     0  startup_stm32f10x_hd.o(.text)
    TIM6_IRQHandler                          0x08000163   Thumb Code     0  startup_stm32f10x_hd.o(.text)
    TIM7_IRQHandler                          0x08000163   Thumb Code     0  startup_stm32f10x_hd.o(.text)
    TIM8_BRK_IRQHandler                      0x08000163   Thumb Code     0  startup_stm32f10x_hd.o(.text)
    TIM8_CC_IRQHandler                       0x08000163   Thumb Code     0  startup_stm32f10x_hd.o(.text)
    TIM8_TRG_COM_IRQHandler                  0x08000163   Thumb Code     0  startup_stm32f10x_hd.o(.text)
    TIM8_UP_IRQHandler                       0x08000163   Thumb Code     0  startup_stm32f10x_hd.o(.text)
    UART4_IRQHandler                         0x08000163   Thumb Code     0  startup_stm32f10x_hd.o(.text)
    UART5_IRQHandler                         0x08000163   Thumb Code     0  startup_stm32f10x_hd.o(.text)
    USART2_IRQHandler                        0x08000163   Thumb Code     0  startup_stm32f10x_hd.o(.text)
    USART3_IRQHandler                        0x08000163   Thumb Code     0  startup_stm32f10x_hd.o(.text)
    USBWakeUp_IRQHandler                     0x08000163   Thumb Code     0  startup_stm32f10x_hd.o(.text)
    USB_HP_CAN1_TX_IRQHandler                0x08000163   Thumb Code     0  startup_stm32f10x_hd.o(.text)
    USB_LP_CAN1_RX0_IRQHandler               0x08000163   Thumb Code     0  startup_stm32f10x_hd.o(.text)
    WWDG_IRQHandler                          0x08000163   Thumb Code     0  startup_stm32f10x_hd.o(.text)
    __aeabi_memset                           0x0800016d   Thumb Code    14  memseta.o(.text)
    __aeabi_memset4                          0x0800016d   Thumb Code     0  memseta.o(.text)
    __aeabi_memset8                          0x0800016d   Thumb Code     0  memseta.o(.text)
    __aeabi_memclr                           0x0800017b   Thumb Code     4  memseta.o(.text)
    __aeabi_memclr4                          0x0800017b   Thumb Code     0  memseta.o(.text)
    __aeabi_memclr8                          0x0800017b   Thumb Code     0  memseta.o(.text)
    _memset$wrapper                          0x0800017f   Thumb Code    18  memseta.o(.text)
    __scatterload                            0x08000191   Thumb Code    28  init.o(.text)
    __scatterload_rt2                        0x08000191   Thumb Code     0  init.o(.text)
    BusFault_Handler                         0x080001c1   Thumb Code     4  stm32f10x_it.o(i.BusFault_Handler)
    DebugMon_Handler                         0x080001c5   Thumb Code     2  stm32f10x_it.o(i.DebugMon_Handler)
    Emm_V5_Origin_Modify_Params              0x080001c7   Thumb Code   170  emm_v5.o(i.Emm_V5_Origin_Modify_Params)
    Emm_V5_Origin_Trigger_Return             0x08000271   Thumb Code    52  emm_v5.o(i.Emm_V5_Origin_Trigger_Return)
    Emm_V5_Pos_Control                       0x080002a5   Thumb Code   108  emm_v5.o(i.Emm_V5_Pos_Control)
    Emm_V5_Reset_CurPos_To_Zero              0x08000311   Thumb Code    46  emm_v5.o(i.Emm_V5_Reset_CurPos_To_Zero)
    Emm_V5_Stop_Now                          0x0800033f   Thumb Code    52  emm_v5.o(i.Emm_V5_Stop_Now)
    Emm_V5_Synchronous_motion_All            0x08000373   Thumb Code    44  emm_v5.o(i.Emm_V5_Synchronous_motion_All)
    Emm_V5_Vel_Control                       0x0800039f   Thumb Code    78  emm_v5.o(i.Emm_V5_Vel_Control)
    GPIO_Init                                0x080003ed   Thumb Code   278  stm32f10x_gpio.o(i.GPIO_Init)
    GPIO_PinRemapConfig                      0x08000505   Thumb Code   138  stm32f10x_gpio.o(i.GPIO_PinRemapConfig)
    GPIO_ReadInputDataBit                    0x08000595   Thumb Code    18  stm32f10x_gpio.o(i.GPIO_ReadInputDataBit)
    GPIO_ResetBits                           0x080005a7   Thumb Code     4  stm32f10x_gpio.o(i.GPIO_ResetBits)
    GPIO_SetBits                             0x080005ab   Thumb Code     4  stm32f10x_gpio.o(i.GPIO_SetBits)
    HardFault_Handler                        0x080005af   Thumb Code     4  stm32f10x_it.o(i.HardFault_Handler)
    MemManage_Handler                        0x080005cd   Thumb Code     4  stm32f10x_it.o(i.MemManage_Handler)
    NMI_Handler                              0x0800067b   Thumb Code     2  stm32f10x_it.o(i.NMI_Handler)
    NVIC_Init                                0x0800067d   Thumb Code   100  misc.o(i.NVIC_Init)
    NVIC_PriorityGroupConfig                 0x080006ed   Thumb Code    10  misc.o(i.NVIC_PriorityGroupConfig)
    PS2_Init                                 0x08000765   Thumb Code    88  ps2.o(i.PS2_Init)
    PS2_ScanKey                              0x0800081d   Thumb Code    92  ps2.o(i.PS2_ScanKey)
    Package_Init                             0x080008f1   Thumb Code    20  package_action.o(i.Package_Init)
    Package_StartNext                        0x08000909   Thumb Code    44  package_action.o(i.Package_StartNext)
    Package_Stop                             0x08000939   Thumb Code    12  package_action.o(i.Package_Stop)
    Package_Tick                             0x08000949   Thumb Code   276  package_action.o(i.Package_Tick)
    PendSV_Handler                           0x08000a65   Thumb Code     2  stm32f10x_it.o(i.PendSV_Handler)
    RCC_APB2PeriphClockCmd                   0x08000a69   Thumb Code    26  stm32f10x_rcc.o(i.RCC_APB2PeriphClockCmd)
    RCC_GetClocksFreq                        0x08000a89   Thumb Code   192  stm32f10x_rcc.o(i.RCC_GetClocksFreq)
    SVC_Handler                              0x08000b5d   Thumb Code     2  stm32f10x_it.o(i.SVC_Handler)
    Servo_Claw_SetPulse                      0x08000b61   Thumb Code    14  servo_pwm.o(i.Servo_Claw_SetPulse)
    Servo_PTZ_SetPulse                       0x08000b75   Thumb Code    14  servo_pwm.o(i.Servo_PTZ_SetPulse)
    Servo_PWM_Init                           0x08000b89   Thumb Code   182  servo_pwm.o(i.Servo_PWM_Init)
    Servo_Tray_SetPulse                      0x08000c49   Thumb Code    14  servo_pwm.o(i.Servo_Tray_SetPulse)
    SysTick_Handler                          0x08000d45   Thumb Code     2  stm32f10x_it.o(i.SysTick_Handler)
    SystemInit                               0x08000d49   Thumb Code    78  system_stm32f10x.o(i.SystemInit)
    TIM_ARRPreloadConfig                     0x08000da9   Thumb Code    24  stm32f10x_tim.o(i.TIM_ARRPreloadConfig)
    TIM_Cmd                                  0x08000dc1   Thumb Code    24  stm32f10x_tim.o(i.TIM_Cmd)
    TIM_CtrlPWMOutputs                       0x08000dd9   Thumb Code    30  stm32f10x_tim.o(i.TIM_CtrlPWMOutputs)
    TIM_OC1Init                              0x08000df9   Thumb Code   132  stm32f10x_tim.o(i.TIM_OC1Init)
    TIM_OC1PreloadConfig                     0x08000e91   Thumb Code    18  stm32f10x_tim.o(i.TIM_OC1PreloadConfig)
    TIM_OC2Init                              0x08000ea5   Thumb Code   154  stm32f10x_tim.o(i.TIM_OC2Init)
    TIM_OC2PreloadConfig                     0x08000f49   Thumb Code    26  stm32f10x_tim.o(i.TIM_OC2PreloadConfig)
    TIM_OC3Init                              0x08000f65   Thumb Code   150  stm32f10x_tim.o(i.TIM_OC3Init)
    TIM_OC3PreloadConfig                     0x08001005   Thumb Code    18  stm32f10x_tim.o(i.TIM_OC3PreloadConfig)
    TIM_SetCompare1                          0x08001017   Thumb Code     4  stm32f10x_tim.o(i.TIM_SetCompare1)
    TIM_SetCompare2                          0x0800101b   Thumb Code     4  stm32f10x_tim.o(i.TIM_SetCompare2)
    TIM_SetCompare3                          0x0800101f   Thumb Code     4  stm32f10x_tim.o(i.TIM_SetCompare3)
    TIM_TimeBaseInit                         0x08001025   Thumb Code   122  stm32f10x_tim.o(i.TIM_TimeBaseInit)
    USART1_IRQHandler                        0x080010c9   Thumb Code   120  usart.o(i.USART1_IRQHandler)
    USART_ClearITPendingBit                  0x08001151   Thumb Code    30  stm32f10x_usart.o(i.USART_ClearITPendingBit)
    USART_Cmd                                0x0800116f   Thumb Code    24  stm32f10x_usart.o(i.USART_Cmd)
    USART_GetITStatus                        0x08001187   Thumb Code    84  stm32f10x_usart.o(i.USART_GetITStatus)
    USART_ITConfig                           0x080011db   Thumb Code    74  stm32f10x_usart.o(i.USART_ITConfig)
    USART_Init                               0x08001225   Thumb Code   210  stm32f10x_usart.o(i.USART_Init)
    UsageFault_Handler                       0x080012fd   Thumb Code     4  stm32f10x_it.o(i.UsageFault_Handler)
    __scatterload_copy                       0x08001301   Thumb Code    14  handlers.o(i.__scatterload_copy)
    __scatterload_null                       0x0800130f   Thumb Code     2  handlers.o(i.__scatterload_null)
    __scatterload_zeroinit                   0x08001311   Thumb Code    14  handlers.o(i.__scatterload_zeroinit)
    board_init                               0x0800131f   Thumb Code    16  board.o(i.board_init)
    clock_init                               0x08001331   Thumb Code    28  board.o(i.clock_init)
    delay_ms                                 0x08001351   Thumb Code    90  delay.o(i.delay_ms)
    fifo_deQueue                             0x080013b1   Thumb Code    44  fifo.o(i.fifo_deQueue)
    fifo_enQueue                             0x080013e1   Thumb Code    42  fifo.o(i.fifo_enQueue)
    fifo_queueLength                         0x08001411   Thumb Code    56  fifo.o(i.fifo_queueLength)
    main                                     0x0800144d   Thumb Code   558  main.o(i.main)
    nvic_init                                0x08001681   Thumb Code    40  board.o(i.nvic_init)
    usart_SendByte                           0x080016a9   Thumb Code    56  usart.o(i.usart_SendByte)
    usart_SendCmd                            0x080016e5   Thumb Code    44  usart.o(i.usart_SendCmd)
    usart_init                               0x08001711   Thumb Code   148  board.o(i.usart_init)
    Region$$Table$$Base                      0x08001c58   Number         0  anon$$obj.o(Region$$Table)
    Region$$Table$$Limit                     0x08001c78   Number         0  anon$$obj.o(Region$$Table)
    rxFrameFlag                              0x20000000   Data           1  usart.o(.data)
    rxCount                                  0x20000001   Data           1  usart.o(.data)
    SystemCoreClock                          0x20000004   Data           4  system_stm32f10x.o(.data)
    AHBPrescTable                            0x20000008   Data          16  system_stm32f10x.o(.data)
    rxCmd                                    0x20000034   Data         128  usart.o(.bss)
    rxFIFO                                   0x200000b4   Data         258  fifo.o(.bss)
    __initial_sp                             0x200009c0   Data           0  startup_stm32f10x_hd.o(STACK)



==============================================================================

Memory Map of the image

  Image Entry point : 0x08000131

  Load Region LR_IROM1 (Base: 0x08000000, Size: 0x00001cac, Max: 0x00010000, ABSOLUTE)

    Execution Region ER_IROM1 (Exec base: 0x08000000, Load base: 0x08000000, Size: 0x00001c78, Max: 0x00010000, ABSOLUTE)

    Exec Addr    Load Addr    Size         Type   Attr      Idx    E Section Name        Object

    0x08000000   0x08000000   0x00000130   Data   RO          339    RESET               startup_stm32f10x_hd.o
    0x08000130   0x08000130   0x00000000   Code   RO         1633  * .ARM.Collect$$$$00000000  mc_w.l(entry.o)
    0x08000130   0x08000130   0x00000004   Code   RO         1638    .ARM.Collect$$$$00000001  mc_w.l(entry2.o)
    0x08000134   0x08000134   0x00000004   Code   RO         1641    .ARM.Collect$$$$00000004  mc_w.l(entry5.o)
    0x08000138   0x08000138   0x00000000   Code   RO         1643    .ARM.Collect$$$$00000008  mc_w.l(entry7b.o)
    0x08000138   0x08000138   0x00000000   Code   RO         1645    .ARM.Collect$$$$0000000A  mc_w.l(entry8b.o)
    0x08000138   0x08000138   0x00000008   Code   RO         1646    .ARM.Collect$$$$0000000B  mc_w.l(entry9a.o)
    0x08000140   0x08000140   0x00000004   Code   RO         1653    .ARM.Collect$$$$0000000E  mc_w.l(entry12b.o)
    0x08000144   0x08000144   0x00000000   Code   RO         1648    .ARM.Collect$$$$0000000F  mc_w.l(entry10a.o)
    0x08000144   0x08000144   0x00000000   Code   RO         1650    .ARM.Collect$$$$00000011  mc_w.l(entry11a.o)
    0x08000144   0x08000144   0x00000004   Code   RO         1639    .ARM.Collect$$$$00002712  mc_w.l(entry2.o)
    0x08000148   0x08000148   0x00000024   Code   RO          340    .text               startup_stm32f10x_hd.o
    0x0800016c   0x0800016c   0x00000024   Code   RO         1636    .text               mc_w.l(memseta.o)
    0x08000190   0x08000190   0x00000024   Code   RO         1654    .text               mc_w.l(init.o)
    0x080001b4   0x080001b4   0x0000000c   Code   RO            1    i.AllStop           main.o
    0x080001c0   0x080001c0   0x00000004   Code   RO          109    i.BusFault_Handler  stm32f10x_it.o
    0x080001c4   0x080001c4   0x00000002   Code   RO          110    i.DebugMon_Handler  stm32f10x_it.o
    0x080001c6   0x080001c6   0x000000aa   Code   RO          175    i.Emm_V5_Origin_Modify_Params  emm_v5.o
    0x08000270   0x08000270   0x00000034   Code   RO          177    i.Emm_V5_Origin_Trigger_Return  emm_v5.o
    0x080002a4   0x080002a4   0x0000006c   Code   RO          178    i.Emm_V5_Pos_Control  emm_v5.o
    0x08000310   0x08000310   0x0000002e   Code   RO          181    i.Emm_V5_Reset_CurPos_To_Zero  emm_v5.o
    0x0800033e   0x0800033e   0x00000034   Code   RO          182    i.Emm_V5_Stop_Now   emm_v5.o
    0x08000372   0x08000372   0x0000002c   Code   RO          184    i.Emm_V5_Synchronous_motion_All  emm_v5.o
    0x0800039e   0x0800039e   0x0000004e   Code   RO          185    i.Emm_V5_Vel_Control  emm_v5.o
    0x080003ec   0x080003ec   0x00000116   Code   RO          561    i.GPIO_Init         stm32f10x_gpio.o
    0x08000502   0x08000502   0x00000002   PAD
    0x08000504   0x08000504   0x00000090   Code   RO          563    i.GPIO_PinRemapConfig  stm32f10x_gpio.o
    0x08000594   0x08000594   0x00000012   Code   RO          565    i.GPIO_ReadInputDataBit  stm32f10x_gpio.o
    0x080005a6   0x080005a6   0x00000004   Code   RO          568    i.GPIO_ResetBits    stm32f10x_gpio.o
    0x080005aa   0x080005aa   0x00000004   Code   RO          569    i.GPIO_SetBits      stm32f10x_gpio.o
    0x080005ae   0x080005ae   0x00000004   Code   RO          111    i.HardFault_Handler  stm32f10x_it.o
    0x080005b2   0x080005b2   0x0000001a   Code   RO            2    i.LimitMotorSpeed   main.o
    0x080005cc   0x080005cc   0x00000004   Code   RO          112    i.MemManage_Handler  stm32f10x_it.o
    0x080005d0   0x080005d0   0x0000001e   Code   RO            3    i.Motor_AllStop     main.o
    0x080005ee   0x080005ee   0x00000034   Code   RO            4    i.Motor_SetSignedSpeed  main.o
    0x08000622   0x08000622   0x00000058   Code   RO            5    i.Motor_SetSpeed_Batch  main.o
    0x0800067a   0x0800067a   0x00000002   Code   RO          113    i.NMI_Handler       stm32f10x_it.o
    0x0800067c   0x0800067c   0x00000070   Code   RO         1597    i.NVIC_Init         misc.o
    0x080006ec   0x080006ec   0x00000014   Code   RO         1598    i.NVIC_PriorityGroupConfig  misc.o
    0x08000700   0x08000700   0x0000002e   Code   RO            6    i.PS2_AxisToSpeed   main.o
    0x0800072e   0x0800072e   0x00000002   PAD
    0x08000730   0x08000730   0x00000034   Code   RO          438    i.PS2_DelayUs       ps2.o
    0x08000764   0x08000764   0x0000005c   Code   RO          439    i.PS2_Init          ps2.o
    0x080007c0   0x080007c0   0x0000005c   Code   RO          440    i.PS2_ReadWriteData  ps2.o
    0x0800081c   0x0800081c   0x00000068   Code   RO          441    i.PS2_ScanKey       ps2.o
    0x08000884   0x08000884   0x0000006c   Code   RO          505    i.Package_ExecuteStep  package_action.o
    0x080008f0   0x080008f0   0x00000018   Code   RO          507    i.Package_Init      package_action.o
    0x08000908   0x08000908   0x00000030   Code   RO          509    i.Package_StartNext  package_action.o
    0x08000938   0x08000938   0x00000010   Code   RO          510    i.Package_Stop      package_action.o
    0x08000948   0x08000948   0x0000011c   Code   RO          511    i.Package_Tick      package_action.o
    0x08000a64   0x08000a64   0x00000002   Code   RO          114    i.PendSV_Handler    stm32f10x_it.o
    0x08000a66   0x08000a66   0x00000002   PAD
    0x08000a68   0x08000a68   0x00000020   Code   RO          673    i.RCC_APB2PeriphClockCmd  stm32f10x_rcc.o
    0x08000a88   0x08000a88   0x000000d4   Code   RO          681    i.RCC_GetClocksFreq  stm32f10x_rcc.o
    0x08000b5c   0x08000b5c   0x00000002   Code   RO          115    i.SVC_Handler       stm32f10x_it.o
    0x08000b5e   0x08000b5e   0x00000002   PAD
    0x08000b60   0x08000b60   0x00000014   Code   RO          469    i.Servo_Claw_SetPulse  servo_pwm.o
    0x08000b74   0x08000b74   0x00000014   Code   RO          470    i.Servo_PTZ_SetPulse  servo_pwm.o
    0x08000b88   0x08000b88   0x000000c0   Code   RO          471    i.Servo_PWM_Init    servo_pwm.o
    0x08000c48   0x08000c48   0x00000014   Code   RO          473    i.Servo_Tray_SetPulse  servo_pwm.o
    0x08000c5c   0x08000c5c   0x00000008   Code   RO          344    i.SetSysClock       system_stm32f10x.o
    0x08000c64   0x08000c64   0x000000e0   Code   RO          345    i.SetSysClockTo72   system_stm32f10x.o
    0x08000d44   0x08000d44   0x00000002   Code   RO          116    i.SysTick_Handler   stm32f10x_it.o
    0x08000d46   0x08000d46   0x00000002   PAD
    0x08000d48   0x08000d48   0x00000060   Code   RO          347    i.SystemInit        system_stm32f10x.o
    0x08000da8   0x08000da8   0x00000018   Code   RO         1053    i.TIM_ARRPreloadConfig  stm32f10x_tim.o
    0x08000dc0   0x08000dc0   0x00000018   Code   RO         1065    i.TIM_Cmd           stm32f10x_tim.o
    0x08000dd8   0x08000dd8   0x0000001e   Code   RO         1067    i.TIM_CtrlPWMOutputs  stm32f10x_tim.o
    0x08000df6   0x08000df6   0x00000002   PAD
    0x08000df8   0x08000df8   0x00000098   Code   RO         1094    i.TIM_OC1Init       stm32f10x_tim.o
    0x08000e90   0x08000e90   0x00000012   Code   RO         1097    i.TIM_OC1PreloadConfig  stm32f10x_tim.o
    0x08000ea2   0x08000ea2   0x00000002   PAD
    0x08000ea4   0x08000ea4   0x000000a4   Code   RO         1099    i.TIM_OC2Init       stm32f10x_tim.o
    0x08000f48   0x08000f48   0x0000001a   Code   RO         1102    i.TIM_OC2PreloadConfig  stm32f10x_tim.o
    0x08000f62   0x08000f62   0x00000002   PAD
    0x08000f64   0x08000f64   0x000000a0   Code   RO         1104    i.TIM_OC3Init       stm32f10x_tim.o
    0x08001004   0x08001004   0x00000012   Code   RO         1107    i.TIM_OC3PreloadConfig  stm32f10x_tim.o
    0x08001016   0x08001016   0x00000004   Code   RO         1126    i.TIM_SetCompare1   stm32f10x_tim.o
    0x0800101a   0x0800101a   0x00000004   Code   RO         1127    i.TIM_SetCompare2   stm32f10x_tim.o
    0x0800101e   0x0800101e   0x00000004   Code   RO         1128    i.TIM_SetCompare3   stm32f10x_tim.o
    0x08001022   0x08001022   0x00000002   PAD
    0x08001024   0x08001024   0x000000a4   Code   RO         1136    i.TIM_TimeBaseInit  stm32f10x_tim.o
    0x080010c8   0x080010c8   0x00000088   Code   RO          262    i.USART1_IRQHandler  usart.o
    0x08001150   0x08001150   0x0000001e   Code   RO          870    i.USART_ClearITPendingBit  stm32f10x_usart.o
    0x0800116e   0x0800116e   0x00000018   Code   RO          873    i.USART_Cmd         stm32f10x_usart.o
    0x08001186   0x08001186   0x00000054   Code   RO          877    i.USART_GetITStatus  stm32f10x_usart.o
    0x080011da   0x080011da   0x0000004a   Code   RO          879    i.USART_ITConfig    stm32f10x_usart.o
    0x08001224   0x08001224   0x000000d8   Code   RO          880    i.USART_Init        stm32f10x_usart.o
    0x080012fc   0x080012fc   0x00000004   Code   RO          117    i.UsageFault_Handler  stm32f10x_it.o
    0x08001300   0x08001300   0x0000000e   Code   RO         1658    i.__scatterload_copy  mc_w.l(handlers.o)
    0x0800130e   0x0800130e   0x00000002   Code   RO         1659    i.__scatterload_null  mc_w.l(handlers.o)
    0x08001310   0x08001310   0x0000000e   Code   RO         1660    i.__scatterload_zeroinit  mc_w.l(handlers.o)
    0x0800131e   0x0800131e   0x00000010   Code   RO          296    i.board_init        board.o
    0x0800132e   0x0800132e   0x00000002   PAD
    0x08001330   0x08001330   0x00000020   Code   RO          297    i.clock_init        board.o
    0x08001350   0x08001350   0x00000060   Code   RO          421    i.delay_ms          delay.o
    0x080013b0   0x080013b0   0x00000030   Code   RO          378    i.fifo_deQueue      fifo.o
    0x080013e0   0x080013e0   0x00000030   Code   RO          379    i.fifo_enQueue      fifo.o
    0x08001410   0x08001410   0x0000003c   Code   RO          381    i.fifo_queueLength  fifo.o
    0x0800144c   0x0800144c   0x00000234   Code   RO            7    i.main              main.o
    0x08001680   0x08001680   0x00000028   Code   RO          298    i.nvic_init         board.o
    0x080016a8   0x080016a8   0x0000003c   Code   RO          263    i.usart_SendByte    usart.o
    0x080016e4   0x080016e4   0x0000002c   Code   RO          264    i.usart_SendCmd     usart.o
    0x08001710   0x08001710   0x0000009c   Code   RO          299    i.usart_init        board.o
    0x080017ac   0x080017ac   0x00000009   Data   RO          443    .constdata          ps2.o
    0x080017b5   0x080017b5   0x00000003   PAD
    0x080017b8   0x080017b8   0x000004a0   Data   RO          512    .constdata          package_action.o
    0x08001c58   0x08001c58   0x00000020   Data   RO         1656    Region$$Table       anon$$obj.o


    Execution Region RW_IRAM1 (Exec base: 0x20000000, Load base: 0x08001c78, Size: 0x000009c0, Max: 0x00005000, ABSOLUTE)

    Exec Addr    Load Addr    Size         Type   Attr      Idx    E Section Name        Object

    0x20000000   0x08001c78   0x00000002   Data   RW          266    .data               usart.o
    0x20000002   0x08001c7a   0x00000002   PAD
    0x20000004   0x08001c7c   0x00000014   Data   RW          348    .data               system_stm32f10x.o
    0x20000018   0x08001c90   0x00000008   Data   RW          513    .data               package_action.o
    0x20000020   0x08001c98   0x00000014   Data   RW          701    .data               stm32f10x_rcc.o
    0x20000034        -       0x00000080   Zero   RW          265    .bss                usart.o
    0x200000b4        -       0x00000102   Zero   RW          383    .bss                fifo.o
    0x200001b6        -       0x00000009   Zero   RW          442    .bss                ps2.o
    0x200001bf   0x08001cac   0x00000001   PAD
    0x200001c0        -       0x00000800   Zero   RW          337    STACK               startup_stm32f10x_hd.o


==============================================================================

Image component sizes


      Code (inc. data)   RO Data    RW Data    ZI Data      Debug   Object Name

       244         12          0          0          0       2091   board.o
         0          0          0          0          0         32   core_cm3.o
        96          6          0          0          0       1007   delay.o
       550          0          0          0          0       5175   emm_v5.o
       156         14          0          0        258       2646   fifo.o
       818          6          0          0          0     259807   main.o
       132         22          0          0          0       1895   misc.o
       480         26       1184          8          0       4365   package_action.o
       340         32          9          0          9       3345   ps2.o
       252         28          0          0          0       2338   servo_pwm.o
        36          8        304          0       2048        804   startup_stm32f10x_hd.o
       448          6          0          0          0       5070   stm32f10x_gpio.o
        26          0          0          0          0       4158   stm32f10x_it.o
       244         26          0         20          0       4277   stm32f10x_rcc.o
       792         82          0          0          0       9534   stm32f10x_tim.o
       428          6          0          0          0       5652   stm32f10x_usart.o
       328         28          0         20          0       2465   system_stm32f10x.o
       240         20          0          2        128       2529   usart.o

    ----------------------------------------------------------------------
      5630        322       1532         52       2444     317190   Object Totals
         0          0         32          0          0          0   (incl. Generated)
        20          0          3          2          1          0   (incl. Padding)

    ----------------------------------------------------------------------

      Code (inc. data)   RO Data    RW Data    ZI Data      Debug   Library Member Name

         0          0          0          0          0          0   entry.o
         0          0          0          0          0          0   entry10a.o
         0          0          0          0          0          0   entry11a.o
         4          0          0          0          0          0   entry12b.o
         8          4          0          0          0          0   entry2.o
         4          0          0          0          0          0   entry5.o
         0          0          0          0          0          0   entry7b.o
         0          0          0          0          0          0   entry8b.o
         8          4          0          0          0          0   entry9a.o
        30          0          0          0          0          0   handlers.o
        36          8          0          0          0         68   init.o
        36          0          0          0          0        108   memseta.o

    ----------------------------------------------------------------------
       126         16          0          0          0        176   Library Totals
         0          0          0          0          0          0   (incl. Padding)

    ----------------------------------------------------------------------

      Code (inc. data)   RO Data    RW Data    ZI Data      Debug   Library Name

       126         16          0          0          0        176   mc_w.l

    ----------------------------------------------------------------------
       126         16          0          0          0        176   Library Totals

    ----------------------------------------------------------------------

==============================================================================


      Code (inc. data)   RO Data    RW Data    ZI Data      Debug   

      5756        338       1532         52       2444     313722   Grand Totals
      5756        338       1532         52       2444     313722   ELF Image Totals
      5756        338       1532         52          0          0   ROM Totals

==============================================================================

    Total RO  Size (Code + RO Data)                 7288 (   7.12kB)
    Total RW  Size (RW Data + ZI Data)              2496 (   2.44kB)
    Total ROM Size (Code + RO Data + RW Data)       7340 (   7.17kB)

==============================================================================

