*** Using Compiler 'V5.06 update 7 (build 960)', folder: 'D:\AppGallery\Keil_v5\ARM\ARMCC\Bin'
Rebuild target 'STM32_PUL_WHILE'
compiling main.c...
..\APP\main.c(223): warning:  #1-D: last line of file ends without a newline
  }
..\APP\main.c: 1 warning, 0 errors
assembling startup_stm32f10x_hd.s...
compiling core_cm3.c...
compiling usart.c...
compiling system_stm32f10x.c...
compiling stm32f10x_rcc.c...
compiling delay.c...
compiling servo_pwm.c...
..\DRIVERS\servo_pwm.c(89): warning:  #1-D: last line of file ends without a newline
  }
..\DRIVERS\servo_pwm.c: 1 warning, 0 errors
compiling Emm_V5.c...
compiling fifo.c...
compiling stm32f10x_it.c...
compiling board.c...
compiling ps2.c...
compiling stm32f10x_gpio.c...
compiling stm32f10x_usart.c...
compiling misc.c...
compiling stm32f10x_tim.c...
linking...
Program Size: Code=4560 RO-data=348 RW-data=48 ZI-data=2448  
FromELF: creating hex file...
".\Objects\Template.axf" - 0 Error(s), 2 Warning(s).
Build Time Elapsed:  00:00:01
